Component: ARM Compiler 6.13.1 Tool: armlink [5d895400]

==============================================================================

Section Cross References

    main.o(.text.UART2_IRQHandler) refers to main.o(.data.rx_data) for rx_data
    main.o(.ARM.exidx.text.UART2_IRQHandler) refers to main.o(.text.UART2_IRQHandler) for [Anonymous Symbol]
    main.o(.text.PORTA_IRQHandler) refers to rtx_kernel.o(.text.osKernelGetSysTimerFreq) for osKernelGetSysTimerFreq
    main.o(.text.PORTA_IRQHandler) refers to uidiv.o(.text) for __aeabi_uidiv
    main.o(.text.PORTA_IRQHandler) refers to rtx_kernel.o(.text.osKernelGetSysTimerCount) for osKernelGetSysTimerCount
    main.o(.text.PORTA_IRQHandler) refers to main.o(.bss..L_MergedGlobals) for [Anonymous Symbol]
    main.o(.ARM.exidx.text.PORTA_IRQHandler) refers to main.o(.text.PORTA_IRQHandler) for [Anonymous Symbol]
    main.o(.text.initMessageQueues) refers to rtx_msgqueue.o(.text.osMessageQueueNew) for osMessageQueueNew
    main.o(.text.initMessageQueues) refers to main.o(.bss..L_MergedGlobals) for [Anonymous Symbol]
    main.o(.ARM.exidx.text.initMessageQueues) refers to main.o(.text.initMessageQueues) for [Anonymous Symbol]
    main.o(.text.initEventFlags) refers to rtx_evflags.o(.text.osEventFlagsNew) for osEventFlagsNew
    main.o(.text.initEventFlags) refers to main.o(.bss..L_MergedGlobals) for [Anonymous Symbol]
    main.o(.ARM.exidx.text.initEventFlags) refers to main.o(.text.initEventFlags) for [Anonymous Symbol]
    main.o(.text.initSemaphores) refers to rtx_semaphore.o(.text.osSemaphoreNew) for osSemaphoreNew
    main.o(.text.initSemaphores) refers to main.o(.bss.audioSem) for audioSem
    main.o(.ARM.exidx.text.initSemaphores) refers to main.o(.text.initSemaphores) for [Anonymous Symbol]
    main.o(.text.tBrain) refers to rtx_evflags.o(.text.osEventFlagsSet) for osEventFlagsSet
    main.o(.text.tBrain) refers to rtx_evflags.o(.text.osEventFlagsClear) for osEventFlagsClear
    main.o(.text.tBrain) refers to rtx_msgqueue.o(.text.osMessageQueuePut) for osMessageQueuePut
    main.o(.text.tBrain) refers to main.o(.bss..L_MergedGlobals) for [Anonymous Symbol]
    main.o(.text.tBrain) refers to main.o(.data.rx_data) for rx_data
    main.o(.ARM.exidx.text.tBrain) refers to main.o(.text.tBrain) for [Anonymous Symbol]
    main.o(.text.tMotorControl) refers to rtx_msgqueue.o(.text.osMessageQueueGet) for osMessageQueueGet
    main.o(.text.tMotorControl) refers to motorcontrol.o(.text.moveFalse) for moveFalse
    main.o(.text.tMotorControl) refers to motorcontrol.o(.text.moveForward) for moveForward
    main.o(.text.tMotorControl) refers to motorcontrol.o(.text.moveBackward) for moveBackward
    main.o(.text.tMotorControl) refers to motorcontrol.o(.text.moveLeft) for moveLeft
    main.o(.text.tMotorControl) refers to motorcontrol.o(.text.moveRight) for moveRight
    main.o(.text.tMotorControl) refers to motorcontrol.o(.text.moveRightForward) for moveRightForward
    main.o(.text.tMotorControl) refers to motorcontrol.o(.text.moveLeftForward) for moveLeftForward
    main.o(.text.tMotorControl) refers to motorcontrol.o(.text.moveRightBackward) for moveRightBackward
    main.o(.text.tMotorControl) refers to motorcontrol.o(.text.moveLeftBackward) for moveLeftBackward
    main.o(.text.tMotorControl) refers to motorcontrol.o(.text.moveCircle) for moveCircle
    main.o(.text.tMotorControl) refers to main.o(.bss..L_MergedGlobals) for [Anonymous Symbol]
    main.o(.ARM.exidx.text.tMotorControl) refers to main.o(.text.tMotorControl) for [Anonymous Symbol]
    main.o(.text.tRedLEDMove) refers to rtx_evflags.o(.text.osEventFlagsWait) for osEventFlagsWait
    main.o(.text.tRedLEDMove) refers to rtx_evflags.o(.text.osEventFlagsClear) for osEventFlagsClear
    main.o(.text.tRedLEDMove) refers to rtx_delay.o(.text.osDelay) for osDelay
    main.o(.text.tRedLEDMove) refers to main.o(.bss..L_MergedGlobals) for [Anonymous Symbol]
    main.o(.ARM.exidx.text.tRedLEDMove) refers to main.o(.text.tRedLEDMove) for [Anonymous Symbol]
    main.o(.text.tRedLEDStop) refers to rtx_evflags.o(.text.osEventFlagsWait) for osEventFlagsWait
    main.o(.text.tRedLEDStop) refers to rtx_evflags.o(.text.osEventFlagsClear) for osEventFlagsClear
    main.o(.text.tRedLEDStop) refers to rtx_delay.o(.text.osDelay) for osDelay
    main.o(.text.tRedLEDStop) refers to main.o(.bss..L_MergedGlobals) for [Anonymous Symbol]
    main.o(.ARM.exidx.text.tRedLEDStop) refers to main.o(.text.tRedLEDStop) for [Anonymous Symbol]
    main.o(.text.tGreenLEDMove) refers to rtx_evflags.o(.text.osEventFlagsClear) for osEventFlagsClear
    main.o(.text.tGreenLEDMove) refers to main.o(.bss..L_MergedGlobals) for [Anonymous Symbol]
    main.o(.text.tGreenLEDMove) refers to rtx_evflags.o(.text.osEventFlagsWait) for osEventFlagsWait
    main.o(.text.tGreenLEDMove) refers to led.o(.text.off_green_strip) for off_green_strip
    main.o(.text.tGreenLEDMove) refers to rtx_delay.o(.text.osDelay) for osDelay
[...]
    Removing rtx_mutex.o(.text), (0 bytes).
    Removing rtx_mutex.o(.ARM.exidx.text.osRtxMutexOwnerRelease), (8 bytes).
    Removing rtx_mutex.o(.text.osMutexNew), (36 bytes).
    Removing rtx_mutex.o(.ARM.exidx.text.osMutexNew), (8 bytes).
    Removing rtx_mutex.o(.text.osMutexGetName), (36 bytes).
    Removing rtx_mutex.o(.ARM.exidx.text.osMutexGetName), (8 bytes).
    Removing rtx_mutex.o(.text.osMutexAcquire), (40 bytes).
    Removing rtx_mutex.o(.ARM.exidx.text.osMutexAcquire), (8 bytes).
    Removing rtx_mutex.o(.text.osMutexRelease), (40 bytes).
    Removing rtx_mutex.o(.ARM.exidx.text.osMutexRelease), (8 bytes).
    Removing rtx_mutex.o(.text.osMutexGetOwner), (36 bytes).
    Removing rtx_mutex.o(.ARM.exidx.text.osMutexGetOwner), (8 bytes).
    Removing rtx_mutex.o(.text.osMutexDelete), (40 bytes).
    Removing rtx_mutex.o(.ARM.exidx.text.osMutexDelete), (8 bytes).
    Removing rtx_mutex.o(.text.svcRtxMutexNew), (112 bytes).
    Removing rtx_mutex.o(.ARM.exidx.text.svcRtxMutexNew), (8 bytes).
    Removing rtx_mutex.o(.text.svcRtxMutexGetName), (18 bytes).
    Removing rtx_mutex.o(.ARM.exidx.text.svcRtxMutexGetName), (8 bytes).
    Removing rtx_mutex.o(.text.svcRtxMutexAcquire), (152 bytes).
    Removing rtx_mutex.o(.ARM.exidx.text.svcRtxMutexAcquire), (8 bytes).
    Removing rtx_mutex.o(.text.svcRtxMutexRelease), (192 bytes).
    Removing rtx_mutex.o(.ARM.exidx.text.svcRtxMutexRelease), (8 bytes).
    Removing rtx_mutex.o(.text.svcRtxMutexGetOwner), (24 bytes).
    Removing rtx_mutex.o(.ARM.exidx.text.svcRtxMutexGetOwner), (8 bytes).
    Removing rtx_mutex.o(.text.svcRtxMutexDelete), (188 bytes).
    Removing rtx_mutex.o(.ARM.exidx.text.svcRtxMutexDelete), (8 bytes).
    Removing rtx_memory.o(.text), (0 bytes).
    Removing rtx_memory.o(.ARM.exidx.text.osRtxMemoryInit), (8 bytes).
    Removing rtx_memory.o(.ARM.exidx.text.osRtxMemoryAlloc), (8 bytes).
    Removing rtx_memory.o(.ARM.exidx.text.osRtxMemoryFree), (8 bytes).
    Removing rtx_mempool.o(.text), (0 bytes).
    Removing rtx_mempool.o(.ARM.exidx.text.osRtxMemoryPoolInit), (8 bytes).
    Removing rtx_mempool.o(.ARM.exidx.text.osRtxMemoryPoolAlloc), (8 bytes).
    Removing rtx_mempool.o(.ARM.exidx.text.osRtxMemoryPoolFree), (8 bytes).
    Removing rtx_mempool.o(.text.osMemoryPoolNew), (36 bytes).
    Removing rtx_mempool.o(.ARM.exidx.text.osMemoryPoolNew), (8 bytes).
    Removing rtx_mempool.o(.text.osMemoryPoolGetName), (36 bytes).
    Removing rtx_mempool.o(.ARM.exidx.text.osMemoryPoolGetName), (8 bytes).
    Removing rtx_mempool.o(.text.osMemoryPoolAlloc), (56 bytes).
    Removing rtx_mempool.o(.ARM.exidx.text.osMemoryPoolAlloc), (8 bytes).
    Removing rtx_mempool.o(.text.osMemoryPoolFree), (72 bytes).
    Removing rtx_mempool.o(.ARM.exidx.text.osMemoryPoolFree), (8 bytes).
    Removing rtx_mempool.o(.text.osMemoryPoolGetCapacity), (48 bytes).
    Removing rtx_mempool.o(.ARM.exidx.text.osMemoryPoolGetCapacity), (8 bytes).
    Removing rtx_mempool.o(.text.svcRtxMemoryPoolGetCapacity), (18 bytes).
    Removing rtx_mempool.o(.ARM.exidx.text.svcRtxMemoryPoolGetCapacity), (8 bytes).
    Removing rtx_mempool.o(.text.osMemoryPoolGetBlockSize), (48 bytes).
    Removing rtx_mempool.o(.ARM.exidx.text.osMemoryPoolGetBlockSize), (8 bytes).
    Removing rtx_mempool.o(.text.svcRtxMemoryPoolGetBlockSize), (18 bytes).
    Removing rtx_mempool.o(.ARM.exidx.text.svcRtxMemoryPoolGetBlockSize), (8 bytes).
    Removing rtx_mempool.o(.text.osMemoryPoolGetCount), (48 bytes).
    Removing rtx_mempool.o(.ARM.exidx.text.osMemoryPoolGetCount), (8 bytes).
    Removing rtx_mempool.o(.text.svcRtxMemoryPoolGetCount), (18 bytes).
    Removing rtx_mempool.o(.ARM.exidx.text.svcRtxMemoryPoolGetCount), (8 bytes).
    Removing rtx_mempool.o(.text.osMemoryPoolGetSpace), (36 bytes).
    Removing rtx_mempool.o(.ARM.exidx.text.osMemoryPoolGetSpace), (8 bytes).
    Removing rtx_mempool.o(.text.svcRtxMemoryPoolGetSpace), (22 bytes).
    Removing rtx_mempool.o(.ARM.exidx.text.svcRtxMemoryPoolGetSpace), (8 bytes).
    Removing rtx_mempool.o(.text.osMemoryPoolDelete), (40 bytes).
    Removing rtx_mempool.o(.ARM.exidx.text.osMemoryPoolDelete), (8 bytes).
    Removing rtx_mempool.o(.text.svcRtxMemoryPoolNew), (444 bytes).
    Removing rtx_mempool.o(.ARM.exidx.text.svcRtxMemoryPoolNew), (8 bytes).
    Removing rtx_mempool.o(.text.osRtxMemoryPoolPostProcess), (40 bytes).
    Removing rtx_mempool.o(.ARM.exidx.text.osRtxMemoryPoolPostProcess), (8 bytes).
    Removing rtx_mempool.o(.text.svcRtxMemoryPoolGetName), (18 bytes).
    Removing rtx_mempool.o(.ARM.exidx.text.svcRtxMemoryPoolGetName), (8 bytes).
    Removing rtx_mempool.o(.text.svcRtxMemoryPoolAlloc), (64 bytes).
    Removing rtx_mempool.o(.ARM.exidx.text.svcRtxMemoryPoolAlloc), (8 bytes).
    Removing rtx_mempool.o(.text.svcRtxMemoryPoolFree), (72 bytes).
    Removing rtx_mempool.o(.ARM.exidx.text.svcRtxMemoryPoolFree), (8 bytes).
    Removing rtx_mempool.o(.text.svcRtxMemoryPoolDelete), (112 bytes).
    Removing rtx_mempool.o(.ARM.exidx.text.svcRtxMemoryPoolDelete), (8 bytes).
    Removing rtx_system.o(.text), (0 bytes).
    Removing rtx_system.o(.ARM.exidx.text.osRtxTick_Handler), (8 bytes).
    Removing rtx_system.o(.ARM.exidx.text.osRtxPendSV_Handler), (8 bytes).
    Removing rtx_system.o(.ARM.exidx.text.osRtxPostProcess), (8 bytes).
    Removing os_systick.o(.text), (0 bytes).
    Removing os_systick.o(.ARM.exidx.text.OS_Tick_Setup), (8 bytes).
    Removing os_systick.o(.ARM.exidx.text.OS_Tick_Enable), (8 bytes).
    Removing os_systick.o(.text.OS_Tick_Disable), (40 bytes).
    Removing os_systick.o(.ARM.exidx.text.OS_Tick_Disable), (8 bytes).
    Removing os_systick.o(.ARM.exidx.text.OS_Tick_AcknowledgeIRQ), (8 bytes).
    Removing os_systick.o(.ARM.exidx.text.OS_Tick_GetIRQn), (8 bytes).
    Removing os_systick.o(.ARM.exidx.text.OS_Tick_GetClock), (8 bytes).
    Removing os_systick.o(.ARM.exidx.text.OS_Tick_GetInterval), (8 bytes).
    Removing os_systick.o(.ARM.exidx.text.OS_Tick_GetCount), (8 bytes).
    Removing os_systick.o(.ARM.exidx.text.OS_Tick_GetOverflow), (8 bytes).

422 unused section(s) (total 9355 bytes) removed from the image.

==============================================================================

Image Symbol Table

    Local Symbols

    Symbol Name                              Value     Ov Type        Size  Object(Section)

    ../clib/microlib/division.c              0x00000000   Number         0  uidiv.o ABSOLUTE
    ../clib/microlib/division.c              0x00000000   Number         0  idiv.o ABSOLUTE
    ../clib/microlib/init/entry.s            0x00000000   Number         0  entry.o ABSOLUTE
    ../clib/microlib/init/entry.s            0x00000000   Number         0  entry2.o ABSOLUTE
    ../clib/microlib/init/entry.s            0x00000000   Number         0  entry5.o ABSOLUTE
    ../clib/microlib/init/entry.s            0x00000000   Number         0  entry7a.o ABSOLUTE
    ../clib/microlib/init/entry.s            0x00000000   Number         0  entry7b.o ABSOLUTE
    ../clib/microlib/init/entry.s            0x00000000   Number         0  entry8a.o ABSOLUTE
    ../clib/microlib/init/entry.s            0x00000000   Number         0  entry8b.o ABSOLUTE
    ../clib/microlib/init/entry.s            0x00000000   Number         0  entry9a.o ABSOLUTE
    ../clib/microlib/init/entry.s            0x00000000   Number         0  entry9b.o ABSOLUTE
    ../clib/microlib/init/entry.s            0x00000000   Number         0  entry10a.o ABSOLUTE
    ../clib/microlib/init/entry.s            0x00000000   Number         0  entry10b.o ABSOLUTE
    ../clib/microlib/init/entry.s            0x00000000   Number         0  entry11a.o ABSOLUTE
    ../clib/microlib/init/entry.s            0x00000000   Number         0  entry11b.o ABSOLUTE
    ../clib/microlib/string/memcpy.c         0x00000000   Number         0  memcpya.o ABSOLUTE
    ../clib/microlib/string/memcpy.c         0x00000000   Number         0  memcpyb.o ABSOLUTE
    ../clib/microlib/string/memset.c         0x00000000   Number         0  memseta.o ABSOLUTE
    ..\..\..\Source\ARM\irq_cm0.s            0x00000000   Number         0  irq_cm0.o ABSOLUTE
    RTE\Device\MKL25Z128xxx4\startup_MKL25Z4.s 0x00000000   Number         0  startup_mkl25z4.o ABSOLUTE
    RTX_Config.c                             0x00000000   Number         0  rtx_config.o ABSOLUTE
    audio.c                                  0x00000000   Number         0  audio.o ABSOLUTE
    dc.s                                     0x00000000   Number         0  dc.o ABSOLUTE
    handlers.s                               0x00000000   Number         0  handlers.o ABSOLUTE
    init.s                                   0x00000000   Number         0  init.o ABSOLUTE
    led.c                                    0x00000000   Number         0  led.o ABSOLUTE
    main.c                                   0x00000000   Number         0  main.o ABSOLUTE
    motorcontrol.c                           0x00000000   Number         0  motorcontrol.o ABSOLUTE
    os_systick.c                             0x00000000   Number         0  os_systick.o ABSOLUTE
    rtx_delay.c                              0x00000000   Number         0  rtx_delay.o ABSOLUTE
    rtx_evflags.c                            0x00000000   Number         0  rtx_evflags.o ABSOLUTE
    rtx_kernel.c                             0x00000000   Number         0  rtx_kernel.o ABSOLUTE
    rtx_lib.c                                0x00000000   Number         0  rtx_lib.o ABSOLUTE
    rtx_memory.c                             0x00000000   Number         0  rtx_memory.o ABSOLUTE
    rtx_mempool.c                            0x00000000   Number         0  rtx_mempool.o ABSOLUTE
    rtx_msgqueue.c                           0x00000000   Number         0  rtx_msgqueue.o ABSOLUTE
    rtx_mutex.c                              0x00000000   Number         0  rtx_mutex.o ABSOLUTE
    rtx_semaphore.c                          0x00000000   Number         0  rtx_semaphore.o ABSOLUTE
    rtx_system.c                             0x00000000   Number         0  rtx_system.o ABSOLUTE
    rtx_thread.c                             0x00000000   Number         0  rtx_thread.o ABSOLUTE
    rtx_timer.c                              0x00000000   Number         0  rtx_timer.o ABSOLUTE
    system_MKL25Z4.c                         0x00000000   Number         0  system_mkl25z4.o ABSOLUTE
    uart.c                                   0x00000000   Number         0  uart.o ABSOLUTE
    ultrasonic.c                             0x00000000   Number         0  ultrasonic.o ABSOLUTE
    RESET                                    0x00000000   Section      192  startup_mkl25z4.o(RESET)
    .ARM.Collect$$$$00000000                 0x000000c0   Section        0  entry.o(.ARM.Collect$$$$00000000)
    .ARM.Collect$$$$00000001                 0x000000c0   Section        4  entry2.o(.ARM.Collect$$$$00000001)
    .ARM.Collect$$$$00000004                 0x000000c4   Section        4  entry5.o(.ARM.Collect$$$$00000004)
    .ARM.Collect$$$$00000008                 0x000000c8   Section        0  entry7b.o(.ARM.Collect$$$$00000008)
    .ARM.Collect$$$$0000000A                 0x000000c8   Section        0  entry8b.o(.ARM.Collect$$$$0000000A)
    .ARM.Collect$$$$0000000B                 0x000000c8   Section        8  entry9a.o(.ARM.Collect$$$$0000000B)
    __lit__00000000                          0x000000d0   Data           4  entry2.o(.ARM.Collect$$$$00002712)
    .ARM.Collect$$$$0000000D                 0x000000d0   Section        0  entry10a.o(.ARM.Collect$$$$0000000D)
    .ARM.Collect$$$$0000000F                 0x000000d0   Section        0  entry11a.o(.ARM.Collect$$$$0000000F)
    .ARM.Collect$$$$00002712                 0x000000d0   Section        4  entry2.o(.ARM.Collect$$$$00002712)
    .text                                    0x000000d4   Section       40  startup_mkl25z4.o(.text)
    .text                                    0x000000fc   Section      164  irq_cm0.o(.text)
    .text                                    0x000001a0   Section        0  uidiv.o(.text)
    .text                                    0x000001cc   Section        0  idiv.o(.text)
    .text                                    0x000001f4   Section        0  memcpya.o(.text)
    .text                                    0x00000218   Section        0  memseta.o(.text)
    .text                                    0x0000023c   Section       36  init.o(.text)
    EventFlagsCheck                          0x00000261   Thumb Code    78  rtx_evflags.o(.text.EventFlagsCheck)
    [Anonymous Symbol]                       0x00000260   Section        0  rtx_evflags.o(.text.EventFlagsCheck)
    MessageQueueGet                          0x000002af   Thumb Code    76  rtx_msgqueue.o(.text.MessageQueueGet)
    [Anonymous Symbol]                       0x000002ae   Section        0  rtx_msgqueue.o(.text.MessageQueueGet)
    MessageQueuePut                          0x000002fb   Thumb Code    98  rtx_msgqueue.o(.text.MessageQueuePut)
    [Anonymous Symbol]                       0x000002fa   Section        0  rtx_msgqueue.o(.text.MessageQueuePut)
    MessageQueueRemove                       0x0000035d   Thumb Code    30  rtx_msgqueue.o(.text.MessageQueueRemove)
    [Anonymous Symbol]                       0x0000035c   Section        0  rtx_msgqueue.o(.text.MessageQueueRemove)
    [Anonymous Symbol]                       0x0000037c   Section        0  os_systick.o(.text.OS_Tick_AcknowledgeIRQ)
    [Anonymous Symbol]                       0x00000384   Section        0  os_systick.o(.text.OS_Tick_Enable)
    __arm_cp.1_1                             0x000003a4   Number         4  os_systick.o(.text.OS_Tick_Enable)
    [Anonymous Symbol]                       0x000003a8   Section        0  os_systick.o(.text.OS_Tick_GetClock)
    [Anonymous Symbol]                       0x000003b0   Section        0  os_systick.o(.text.OS_Tick_GetCount)
    [Anonymous Symbol]                       0x000003bc   Section        0  os_systick.o(.text.OS_Tick_GetIRQn)
    [Anonymous Symbol]                       0x000003c4   Section        0  os_systick.o(.text.OS_Tick_GetInterval)
    __arm_cp.6_0                             0x000003cc   Number         4  os_systick.o(.text.OS_Tick_GetInterval)
    [Anonymous Symbol]                       0x000003d0   Section        0  os_systick.o(.text.OS_Tick_GetOverflow)
    [Anonymous Symbol]                       0x000003dc   Section        0  system_mkl25z4.o(.text.SystemInit)
    __arm_cp.0_0                             0x000003e4   Number         4  system_mkl25z4.o(.text.SystemInit)
    [Anonymous Symbol]                       0x000003e8   Section        0  main.o(.text.initSemaphores)
    __arm_cp.4_0                             0x000003fc   Number         4  main.o(.text.initSemaphores)
    .ARM.__at_0x400                          0x00000400   Section       16  startup_mkl25z4.o(.ARM.__at_0x400)
    [Anonymous Symbol]                       0x00000410   Section        0  os_systick.o(.text.OS_Tick_Setup)
    __arm_cp.0_1                             0x0000044c   Number         4  os_systick.o(.text.OS_Tick_Setup)
    __arm_cp.0_2                             0x00000450   Number         4  os_systick.o(.text.OS_Tick_Setup)
    __arm_cp.0_3                             0x00000454   Number         4  os_systick.o(.text.OS_Tick_Setup)
    [Anonymous Symbol]                       0x00000458   Section        0  main.o(.text.PORTA_IRQHandler)
    __arm_cp.1_2                             0x000004ac   Number         4  main.o(.text.PORTA_IRQHandler)
    __arm_cp.1_3                             0x000004b0   Number         4  main.o(.text.PORTA_IRQHandler)
    SemaphoreTokenDecrement                  0x000004b5   Thumb Code    36  rtx_semaphore.o(.text.SemaphoreTokenDecrement)
    [Anonymous Symbol]                       0x000004b4   Section        0  rtx_semaphore.o(.text.SemaphoreTokenDecrement)
    [Anonymous Symbol]                       0x000004d8   Section        0  system_mkl25z4.o(.text.SystemCoreClockUpdate)
    __arm_cp.1_0                             0x000005c8   Number         4  system_mkl25z4.o(.text.SystemCoreClockUpdate)
    __arm_cp.1_1                             0x000005cc   Number         4  system_mkl25z4.o(.text.SystemCoreClockUpdate)
    __arm_cp.1_2                             0x000005d0   Number         4  system_mkl25z4.o(.text.SystemCoreClockUpdate)
    __arm_cp.1_3                             0x000005d4   Number         4  system_mkl25z4.o(.text.SystemCoreClockUpdate)
    __arm_cp.1_4                             0x000005d8   Number         4  system_mkl25z4.o(.text.SystemCoreClockUpdate)
    __arm_cp.1_5                             0x000005dc   Number         4  system_mkl25z4.o(.text.SystemCoreClockUpdate)
    __arm_cp.1_6                             0x000005e0   Number         4  system_mkl25z4.o(.text.SystemCoreClockUpdate)
    ThreadFlagsCheck                         0x000005e5   Thumb Code    78  rtx_thread.o(.text.ThreadFlagsCheck)
    [Anonymous Symbol]                       0x000005e4   Section        0  rtx_thread.o(.text.ThreadFlagsCheck)
    TimerInsert                              0x00000635   Thumb Code    76  rtx_timer.o(.text.TimerInsert)
    [Anonymous Symbol]                       0x00000634   Section        0  rtx_timer.o(.text.TimerInsert)
    __arm_cp.8_0                             0x0000067c   Number         4  rtx_timer.o(.text.TimerInsert)
    [Anonymous Symbol]                       0x00000680   Section        0  main.o(.text.UART2_IRQHandler)
    __arm_cp.0_0                             0x00000698   Number         4  main.o(.text.UART2_IRQHandler)
    __arm_cp.0_1                             0x0000069c   Number         4  main.o(.text.UART2_IRQHandler)
    __arm_cp.0_2                             0x000006a0   Number         4  main.o(.text.UART2_IRQHandler)
    [Anonymous Symbol]                       0x000006a4   Section        0  audio.o(.text.initAudioPWM)
    __arm_cp.0_1                             0x0000070c   Number         4  audio.o(.text.initAudioPWM)
    __arm_cp.0_2                             0x00000710   Number         4  audio.o(.text.initAudioPWM)
    [Anonymous Symbol]                       0x00000714   Section        0  main.o(.text.initEventFlags)
    __arm_cp.3_0                             0x0000073c   Number         4  main.o(.text.initEventFlags)
    [Anonymous Symbol]                       0x00000740   Section        0  led.o(.text.initLED)
    __arm_cp.3_1                             0x000007ec   Number         4  led.o(.text.initLED)
    __arm_cp.3_3                             0x000007f0   Number         4  led.o(.text.initLED)
    __arm_cp.3_4                             0x000007f4   Number         4  led.o(.text.initLED)
    __arm_cp.3_5                             0x000007f8   Number         4  led.o(.text.initLED)
    __arm_cp.3_7                             0x000007fc   Number         4  led.o(.text.initLED)
    [Anonymous Symbol]                       0x00000800   Section        0  main.o(.text.initMessageQueues)
    __arm_cp.2_0                             0x0000082c   Number         4  main.o(.text.initMessageQueues)
    __arm_cp.2_1                             0x00000830   Number         4  main.o(.text.initMessageQueues)
    [Anonymous Symbol]                       0x00000834   Section        0  motorcontrol.o(.text.initMotorPWM)
    __arm_cp.10_0                            0x00000904   Number         4  motorcontrol.o(.text.initMotorPWM)
    __arm_cp.10_1                            0x00000908   Number         4  motorcontrol.o(.text.initMotorPWM)
    __arm_cp.10_2                            0x0000090c   Number         4  motorcontrol.o(.text.initMotorPWM)
    __arm_cp.10_3                            0x00000910   Number         4  motorcontrol.o(.text.initMotorPWM)
    __arm_cp.10_5                            0x00000914   Number         4  motorcontrol.o(.text.initMotorPWM)
    [Anonymous Symbol]                       0x00000918   Section        0  uart.o(.text.initUART2)
    __arm_cp.0_0                             0x00000998   Number         4  uart.o(.text.initUART2)
    __arm_cp.0_1                             0x0000099c   Number         4  uart.o(.text.initUART2)
    __arm_cp.0_2                             0x000009a0   Number         4  uart.o(.text.initUART2)
    __arm_cp.0_3                             0x000009a4   Number         4  uart.o(.text.initUART2)
    [Anonymous Symbol]                       0x000009a8   Section        0  ultrasonic.o(.text.initUS)
    __arm_cp.0_0                             0x00000a0c   Number         4  ultrasonic.o(.text.initUS)
    __arm_cp.0_1                             0x00000a10   Number         4  ultrasonic.o(.text.initUS)
    __arm_cp.0_2                             0x00000a14   Number         4  ultrasonic.o(.text.initUS)
    __arm_cp.0_3                             0x00000a18   Number         4  ultrasonic.o(.text.initUS)
    __arm_cp.0_4                             0x00000a1c   Number         4  ultrasonic.o(.text.initUS)
    __arm_cp.0_5                             0x00000a20   Number         4  ultrasonic.o(.text.initUS)
    __arm_cp.0_6                             0x00000a24   Number         4  ultrasonic.o(.text.initUS)
    __arm_cp.0_7                             0x00000a28   Number         4  ultrasonic.o(.text.initUS)
    __arm_cp.0_8                             0x00000a2c   Number         4  ultrasonic.o(.text.initUS)
    [Anonymous Symbol]                       0x00000a30   Section        0  main.o(.text.main)
    __arm_cp.17_0                            0x00000ac0   Number         4  main.o(.text.main)
    __arm_cp.17_1                            0x00000ac4   Number         4  main.o(.text.main)
    __arm_cp.17_2                            0x00000ac8   Number         4  main.o(.text.main)
    __arm_cp.17_3                            0x00000acc   Number         4  main.o(.text.main)
    __arm_cp.17_4                            0x00000ad0   Number         4  main.o(.text.main)
    __arm_cp.17_5                            0x00000ad4   Number         4  main.o(.text.main)
    __arm_cp.17_6                            0x00000ad8   Number         4  main.o(.text.main)
    __arm_cp.17_7                            0x00000adc   Number         4  main.o(.text.main)
    __arm_cp.17_8                            0x00000ae0   Number         4  main.o(.text.main)
    __arm_cp.17_9                            0x00000ae4   Number         4  main.o(.text.main)
    __arm_cp.17_10                           0x00000ae8   Number         4  main.o(.text.main)
    [Anonymous Symbol]                       0x00000aec   Section        0  motorcontrol.o(.text.moveBackward)
    __arm_cp.1_2                             0x00000b00   Number         4  motorcontrol.o(.text.moveBackward)
    [Anonymous Symbol]                       0x00000b04   Section        0  motorcontrol.o(.text.moveCircle)
    __arm_cp.9_1                             0x00000b18   Number         4  motorcontrol.o(.text.moveCircle)
    [Anonymous Symbol]                       0x00000b1c   Section        0  motorcontrol.o(.text.moveFalse)
    [Anonymous Symbol]                       0x00000b2c   Section        0  motorcontrol.o(.text.moveForward)
    __arm_cp.0_1                             0x00000b40   Number         4  motorcontrol.o(.text.moveForward)
    [Anonymous Symbol]                       0x00000b44   Section        0  motorcontrol.o(.text.moveLeft)
    [Anonymous Symbol]                       0x00000b58   Section        0  motorcontrol.o(.text.moveLeftBackward)
    [Anonymous Symbol]                       0x00000b6c   Section        0  motorcontrol.o(.text.moveLeftForward)
    [Anonymous Symbol]                       0x00000b80   Section        0  motorcontrol.o(.text.moveRight)
    [Anonymous Symbol]                       0x00000b94   Section        0  motorcontrol.o(.text.moveRightBackward)
    [Anonymous Symbol]                       0x00000ba8   Section        0  motorcontrol.o(.text.moveRightForward)
    __arm_cp.5_0                             0x00000bbc   Number         4  motorcontrol.o(.text.moveRightForward)
    __arm_cp.5_1                             0x00000bc0   Number         4  motorcontrol.o(.text.moveRightForward)
    __arm_cp.5_2                             0x00000bc4   Number         4  motorcontrol.o(.text.moveRightForward)
    __arm_cp.5_3                             0x00000bc8   Number         4  motorcontrol.o(.text.moveRightForward)
    [Anonymous Symbol]                       0x00000bcc   Section        0  led.o(.text.off_green_strip)
    [Anonymous Symbol]                       0x00000c18   Section        0  led.o(.text.on_green_strip)
    __arm_cp.5_0                             0x00000c60   Number         4  led.o(.text.on_green_strip)
    __arm_cp.5_1                             0x00000c64   Number         4  led.o(.text.on_green_strip)
    [Anonymous Symbol]                       0x00000c68   Section        0  rtx_delay.o(.text.osDelay)
    __arm_cp.0_0                             0x00000c8c   Number         4  rtx_delay.o(.text.osDelay)
    [Anonymous Symbol]                       0x00000c90   Section        0  rtx_evflags.o(.text.osEventFlagsClear)
    __arm_cp.3_0                             0x00000cb0   Number         4  rtx_evflags.o(.text.osEventFlagsClear)
    [Anonymous Symbol]                       0x00000cb4   Section        0  rtx_evflags.o(.text.osEventFlagsNew)
    __arm_cp.0_0                             0x00000cd4   Number         4  rtx_evflags.o(.text.osEventFlagsNew)
    [Anonymous Symbol]                       0x00000cd8   Section        0  rtx_evflags.o(.text.osEventFlagsSet)
    __arm_cp.2_0                             0x00000d24   Number         4  rtx_evflags.o(.text.osEventFlagsSet)
    [Anonymous Symbol]                       0x00000d28   Section        0  rtx_evflags.o(.text.osEventFlagsWait)
    __arm_cp.7_0                             0x00000d68   Number         4  rtx_evflags.o(.text.osEventFlagsWait)
    [Anonymous Symbol]                       0x00000d6c   Section        0  rtx_kernel.o(.text.osKernelGetSysTimerCount)
    __arm_cp.16_0                            0x00000d8c   Number         4  rtx_kernel.o(.text.osKernelGetSysTimerCount)
    [Anonymous Symbol]                       0x00000d90   Section        0  rtx_kernel.o(.text.osKernelGetSysTimerFreq)
    __arm_cp.18_0                            0x00000db0   Number         4  rtx_kernel.o(.text.osKernelGetSysTimerFreq)
    [Anonymous Symbol]                       0x00000db4   Section        0  rtx_kernel.o(.text.osKernelInitialize)
    __arm_cp.1_0                             0x00000dd8   Number         4  rtx_kernel.o(.text.osKernelInitialize)
    [Anonymous Symbol]                       0x00000ddc   Section        0  rtx_kernel.o(.text.osKernelStart)
    __arm_cp.6_0                             0x00000dfc   Number         4  rtx_kernel.o(.text.osKernelStart)
    [Anonymous Symbol]                       0x00000e00   Section        0  rtx_msgqueue.o(.text.osMessageQueueGet)
    __arm_cp.3_0                             0x00000e70   Number         4  rtx_msgqueue.o(.text.osMessageQueueGet)
    [Anonymous Symbol]                       0x00000e74   Section        0  rtx_msgqueue.o(.text.osMessageQueueNew)
    __arm_cp.0_0                             0x00000e94   Number         4  rtx_msgqueue.o(.text.osMessageQueueNew)
    [Anonymous Symbol]                       0x00000e98   Section        0  rtx_msgqueue.o(.text.osMessageQueuePut)
    __arm_cp.2_0                             0x00000f0c   Number         4  rtx_msgqueue.o(.text.osMessageQueuePut)
    [Anonymous Symbol]                       0x00000f10   Section        0  rtx_config.o(.text.osRtxErrorNotify)
    osRtxEventFlagsPostProcess               0x00000f13   Thumb Code    52  rtx_evflags.o(.text.osRtxEventFlagsPostProcess)
    [Anonymous Symbol]                       0x00000f12   Section        0  rtx_evflags.o(.text.osRtxEventFlagsPostProcess)
    [Anonymous Symbol]                       0x00000f46   Section        0  rtx_config.o(.text.osRtxIdleThread)
    [Anonymous Symbol]                       0x00000f48   Section        0  rtx_kernel.o(.text.osRtxKernelPreInit)
    [Anonymous Symbol]                       0x00000f4a   Section        0  rtx_memory.o(.text.osRtxMemoryAlloc)
    [Anonymous Symbol]                       0x00000fc6   Section        0  rtx_memory.o(.text.osRtxMemoryFree)
    [Anonymous Symbol]                       0x00001014   Section        0  rtx_memory.o(.text.osRtxMemoryInit)
    [Anonymous Symbol]                       0x00001046   Section        0  rtx_mempool.o(.text.osRtxMemoryPoolAlloc)
    [Anonymous Symbol]                       0x00001074   Section        0  rtx_mempool.o(.text.osRtxMemoryPoolFree)
    [Anonymous Symbol]                       0x000010ae   Section        0  rtx_mempool.o(.text.osRtxMemoryPoolInit)
    osRtxMessageQueuePostProcess             0x000010ed   Thumb Code   188  rtx_msgqueue.o(.text.osRtxMessageQueuePostProcess)
    [Anonymous Symbol]                       0x000010ec   Section        0  rtx_msgqueue.o(.text.osRtxMessageQueuePostProcess)
    [Anonymous Symbol]                       0x000011a8   Section        0  rtx_mutex.o(.text.osRtxMutexOwnerRelease)
    [Anonymous Symbol]                       0x000011ec   Section        0  rtx_system.o(.text.osRtxPendSV_Handler)
    [Anonymous Symbol]                       0x00001268   Section        0  rtx_system.o(.text.osRtxPostProcess)
    __arm_cp.2_1                             0x000012cc   Number         4  rtx_system.o(.text.osRtxPostProcess)
    osRtxSemaphorePostProcess                0x000012d1   Thumb Code    36  rtx_semaphore.o(.text.osRtxSemaphorePostProcess)
    [Anonymous Symbol]                       0x000012d0   Section        0  rtx_semaphore.o(.text.osRtxSemaphorePostProcess)
    osRtxThreadBlock                         0x000012f5   Thumb Code    52  rtx_thread.o(.text.osRtxThreadBlock)
    [Anonymous Symbol]                       0x000012f4   Section        0  rtx_thread.o(.text.osRtxThreadBlock)
    osRtxThreadDelayInsert                   0x00001329   Thumb Code   124  rtx_thread.o(.text.osRtxThreadDelayInsert)
    [Anonymous Symbol]                       0x00001328   Section        0  rtx_thread.o(.text.osRtxThreadDelayInsert)
    osRtxThreadDelayRemove                   0x000013a5   Thumb Code    64  rtx_thread.o(.text.osRtxThreadDelayRemove)
    [Anonymous Symbol]                       0x000013a4   Section        0  rtx_thread.o(.text.osRtxThreadDelayRemove)
    [Anonymous Symbol]                       0x000013e4   Section        0  rtx_thread.o(.text.osRtxThreadDelayTick)
    [Anonymous Symbol]                       0x00001418   Section        0  rtx_thread.o(.text.osRtxThreadDispatch)
    osRtxThreadFree                          0x00001465   Thumb Code    80  rtx_thread.o(.text.osRtxThreadFree)
    [Anonymous Symbol]                       0x00001464   Section        0  rtx_thread.o(.text.osRtxThreadFree)
    [Anonymous Symbol]                       0x000014b4   Section        0  rtx_thread.o(.text.osRtxThreadListGet)
    [Anonymous Symbol]                       0x000014c8   Section        0  rtx_thread.o(.text.osRtxThreadListPut)
    [Anonymous Symbol]                       0x000014f4   Section        0  rtx_thread.o(.text.osRtxThreadListRemove)
    [Anonymous Symbol]                       0x0000150c   Section        0  rtx_thread.o(.text.osRtxThreadListSort)
    osRtxThreadPostProcess                   0x00001533   Thumb Code    38  rtx_thread.o(.text.osRtxThreadPostProcess)
    [Anonymous Symbol]                       0x00001532   Section        0  rtx_thread.o(.text.osRtxThreadPostProcess)
    [Anonymous Symbol]                       0x00001558   Section        0  rtx_thread.o(.text.osRtxThreadReadyPut)
    [Anonymous Symbol]                       0x0000156c   Section        0  rtx_thread.o(.text.osRtxThreadRegPtr)
    [Anonymous Symbol]                       0x00001574   Section        0  rtx_thread.o(.text.osRtxThreadStackCheck)
    __arm_cp.8_0                             0x00001598   Number         4  rtx_thread.o(.text.osRtxThreadStackCheck)
    __arm_cp.8_1                             0x0000159c   Number         4  rtx_thread.o(.text.osRtxThreadStackCheck)
    [Anonymous Symbol]                       0x000015a0   Section        0  rtx_thread.o(.text.osRtxThreadStartup)
    __arm_cp.15_1                            0x000015d0   Number         4  rtx_thread.o(.text.osRtxThreadStartup)
    __arm_cp.15_3                            0x000015d4   Number         4  rtx_thread.o(.text.osRtxThreadStartup)
    [Anonymous Symbol]                       0x000015d8   Section        0  rtx_thread.o(.text.osRtxThreadSwitch)
    [Anonymous Symbol]                       0x000015e8   Section        0  rtx_thread.o(.text.osRtxThreadWaitEnter)
    __arm_cp.13_0                            0x00001620   Number         4  rtx_thread.o(.text.osRtxThreadWaitEnter)
    [Anonymous Symbol]                       0x00001624   Section        0  rtx_thread.o(.text.osRtxThreadWaitExit)
    [Anonymous Symbol]                       0x00001648   Section        0  rtx_system.o(.text.osRtxTick_Handler)
    __arm_cp.0_0                             0x000016b8   Number         4  rtx_system.o(.text.osRtxTick_Handler)
    [Anonymous Symbol]                       0x000016bc   Section        0  rtx_timer.o(.text.osRtxTimerThread)
    __arm_cp.0_0                             0x000016ec   Number         4  rtx_timer.o(.text.osRtxTimerThread)
    __arm_cp.0_1                             0x000016f0   Number         4  rtx_timer.o(.text.osRtxTimerThread)
    __arm_cp.0_2                             0x000016f4   Number         4  rtx_timer.o(.text.osRtxTimerThread)
    osRtxTimerTick                           0x000016f9   Thumb Code    96  rtx_timer.o(.text.osRtxTimerTick)
    [Anonymous Symbol]                       0x000016f8   Section        0  rtx_timer.o(.text.osRtxTimerTick)
    __arm_cp.1_0                             0x00001754   Number         4  rtx_timer.o(.text.osRtxTimerTick)
    [Anonymous Symbol]                       0x00001758   Section        0  rtx_semaphore.o(.text.osSemaphoreNew)
    __arm_cp.0_0                             0x00001778   Number         4  rtx_semaphore.o(.text.osSemaphoreNew)
    [Anonymous Symbol]                       0x0000177c   Section        0  rtx_thread.o(.text.osThreadExit)
    __arm_cp.31_0                            0x00001784   Number         4  rtx_thread.o(.text.osThreadExit)
    [Anonymous Symbol]                       0x00001788   Section        0  rtx_thread.o(.text.osThreadNew)
    __arm_cp.17_0                            0x000017a8   Number         4  rtx_thread.o(.text.osThreadNew)
    [Anonymous Symbol]                       0x000017ac   Section        0  rtx_thread.o(.text.osThreadSetPriority)
    __arm_cp.24_0                            0x000017d0   Number         4  rtx_thread.o(.text.osThreadSetPriority)
    [Anonymous Symbol]                       0x000017d4   Section        0  main.o(.text.selfDriveLeft)
    [Anonymous Symbol]                       0x00001808   Section        0  main.o(.text.selfDriveRight)
    __arm_cp.14_0                            0x00001834   Number         4  main.o(.text.selfDriveRight)
    __arm_cp.14_1                            0x00001838   Number         4  main.o(.text.selfDriveRight)
    svcRtxDelay                              0x0000183d   Thumb Code    18  rtx_delay.o(.text.svcRtxDelay)
    [Anonymous Symbol]                       0x0000183c   Section        0  rtx_delay.o(.text.svcRtxDelay)
    svcRtxEventFlagsClear                    0x0000184f   Thumb Code    50  rtx_evflags.o(.text.svcRtxEventFlagsClear)
    [Anonymous Symbol]                       0x0000184e   Section        0  rtx_evflags.o(.text.svcRtxEventFlagsClear)
    svcRtxEventFlagsNew                      0x00001881   Thumb Code   116  rtx_evflags.o(.text.svcRtxEventFlagsNew)
    [Anonymous Symbol]                       0x00001880   Section        0  rtx_evflags.o(.text.svcRtxEventFlagsNew)
    __arm_cp.9_0                             0x000018ec   Number         4  rtx_evflags.o(.text.svcRtxEventFlagsNew)
    __arm_cp.9_1                             0x000018f0   Number         4  rtx_evflags.o(.text.svcRtxEventFlagsNew)
    svcRtxEventFlagsSet                      0x000018f5   Thumb Code   124  rtx_evflags.o(.text.svcRtxEventFlagsSet)
    [Anonymous Symbol]                       0x000018f4   Section        0  rtx_evflags.o(.text.svcRtxEventFlagsSet)
    svcRtxEventFlagsWait                     0x00001971   Thumb Code   100  rtx_evflags.o(.text.svcRtxEventFlagsWait)
    [Anonymous Symbol]                       0x00001970   Section        0  rtx_evflags.o(.text.svcRtxEventFlagsWait)
    __arm_cp.14_0                            0x000019d0   Number         4  rtx_evflags.o(.text.svcRtxEventFlagsWait)
    svcRtxKernelGetSysTimerCount             0x000019d5   Thumb Code    44  rtx_kernel.o(.text.svcRtxKernelGetSysTimerCount)
    [Anonymous Symbol]                       0x000019d4   Section        0  rtx_kernel.o(.text.svcRtxKernelGetSysTimerCount)
    __arm_cp.17_0                            0x000019fc   Number         4  rtx_kernel.o(.text.svcRtxKernelGetSysTimerCount)
    svcRtxKernelGetSysTimerFreq              0x00001a01   Thumb Code     8  rtx_kernel.o(.text.svcRtxKernelGetSysTimerFreq)
    [Anonymous Symbol]                       0x00001a00   Section        0  rtx_kernel.o(.text.svcRtxKernelGetSysTimerFreq)
    svcRtxKernelInitialize                   0x00001a09   Thumb Code   320  rtx_kernel.o(.text.svcRtxKernelInitialize)
    [Anonymous Symbol]                       0x00001a08   Section        0  rtx_kernel.o(.text.svcRtxKernelInitialize)
    __arm_cp.20_2                            0x00001b44   Number         4  rtx_kernel.o(.text.svcRtxKernelInitialize)
    svcRtxKernelStart                        0x00001b49   Thumb Code   132  rtx_kernel.o(.text.svcRtxKernelStart)
    [Anonymous Symbol]                       0x00001b48   Section        0  rtx_kernel.o(.text.svcRtxKernelStart)
    __arm_cp.21_0                            0x00001bbc   Number         4  rtx_kernel.o(.text.svcRtxKernelStart)
    __arm_cp.21_1                            0x00001bc0   Number         4  rtx_kernel.o(.text.svcRtxKernelStart)
    __arm_cp.21_2                            0x00001bc4   Number         4  rtx_kernel.o(.text.svcRtxKernelStart)
    __arm_cp.21_3                            0x00001bc8   Number         4  rtx_kernel.o(.text.svcRtxKernelStart)
    svcRtxMessageQueueGet                    0x00001bcd   Thumb Code   232  rtx_msgqueue.o(.text.svcRtxMessageQueueGet)
    [Anonymous Symbol]                       0x00001bcc   Section        0  rtx_msgqueue.o(.text.svcRtxMessageQueueGet)
    __arm_cp.21_0                            0x00001cb0   Number         4  rtx_msgqueue.o(.text.svcRtxMessageQueueGet)
    svcRtxMessageQueueNew                    0x00001cb5   Thumb Code   484  rtx_msgqueue.o(.text.svcRtxMessageQueueNew)
    [Anonymous Symbol]                       0x00001cb4   Section        0  rtx_msgqueue.o(.text.svcRtxMessageQueueNew)
    __arm_cp.14_0                            0x00001e80   Number         4  rtx_msgqueue.o(.text.svcRtxMessageQueueNew)
    __arm_cp.14_1                            0x00001e84   Number         4  rtx_msgqueue.o(.text.svcRtxMessageQueueNew)
    __arm_cp.14_2                            0x00001e88   Number         4  rtx_msgqueue.o(.text.svcRtxMessageQueueNew)
    __arm_cp.14_3                            0x00001e8c   Number         4  rtx_msgqueue.o(.text.svcRtxMessageQueueNew)
    __arm_cp.14_4                            0x00001e90   Number         4  rtx_msgqueue.o(.text.svcRtxMessageQueueNew)
    __arm_cp.14_5                            0x00001e94   Number         4  rtx_msgqueue.o(.text.svcRtxMessageQueueNew)
    svcRtxMessageQueuePut                    0x00001e99   Thumb Code   184  rtx_msgqueue.o(.text.svcRtxMessageQueuePut)
    [Anonymous Symbol]                       0x00001e98   Section        0  rtx_msgqueue.o(.text.svcRtxMessageQueuePut)
    svcRtxSemaphoreNew                       0x00001f51   Thumb Code   132  rtx_semaphore.o(.text.svcRtxSemaphoreNew)
    [Anonymous Symbol]                       0x00001f50   Section        0  rtx_semaphore.o(.text.svcRtxSemaphoreNew)
    __arm_cp.7_0                             0x00001fcc   Number         4  rtx_semaphore.o(.text.svcRtxSemaphoreNew)
    __arm_cp.7_2                             0x00001fd0   Number         4  rtx_semaphore.o(.text.svcRtxSemaphoreNew)
    svcRtxThreadExit                         0x00001fd5   Thumb Code   108  rtx_thread.o(.text.svcRtxThreadExit)
    [Anonymous Symbol]                       0x00001fd4   Section        0  rtx_thread.o(.text.svcRtxThreadExit)
    __arm_cp.54_0                            0x0000203c   Number         4  rtx_thread.o(.text.svcRtxThreadExit)
    svcRtxThreadNew                          0x00002041   Thumb Code   492  rtx_thread.o(.text.svcRtxThreadNew)
    [Anonymous Symbol]                       0x00002040   Section        0  rtx_thread.o(.text.svcRtxThreadNew)
    __arm_cp.16_0                            0x00002214   Number         4  rtx_thread.o(.text.svcRtxThreadNew)
    __arm_cp.16_1                            0x00002218   Number         4  rtx_thread.o(.text.svcRtxThreadNew)
    __arm_cp.16_2                            0x0000221c   Number         4  rtx_thread.o(.text.svcRtxThreadNew)
    __arm_cp.16_3                            0x00002220   Number         4  rtx_thread.o(.text.svcRtxThreadNew)
    __arm_cp.16_4                            0x00002224   Number         4  rtx_thread.o(.text.svcRtxThreadNew)
    __arm_cp.16_5                            0x00002228   Number         4  rtx_thread.o(.text.svcRtxThreadNew)
    svcRtxThreadSetPriority                  0x0000222d   Thumb Code    72  rtx_thread.o(.text.svcRtxThreadSetPriority)
    [Anonymous Symbol]                       0x0000222c   Section        0  rtx_thread.o(.text.svcRtxThreadSetPriority)
    [Anonymous Symbol]                       0x00002274   Section        0  main.o(.text.tAudioChallenge)
    __arm_cp.11_2                            0x000022dc   Number         4  main.o(.text.tAudioChallenge)
    __arm_cp.11_4                            0x000022e0   Number         4  main.o(.text.tAudioChallenge)
    __arm_cp.11_5                            0x000022e4   Number         4  main.o(.text.tAudioChallenge)
    __arm_cp.11_6                            0x000022e8   Number         4  main.o(.text.tAudioChallenge)
    [Anonymous Symbol]                       0x000022ec   Section        0  main.o(.text.tAudioChallengeEnd)
    __arm_cp.12_0                            0x00002338   Number         4  main.o(.text.tAudioChallengeEnd)
    __arm_cp.12_2                            0x0000233c   Number         4  main.o(.text.tAudioChallengeEnd)
    __arm_cp.12_3                            0x00002340   Number         4  main.o(.text.tAudioChallengeEnd)
    [Anonymous Symbol]                       0x00002344   Section        0  main.o(.text.tBrain)
    __arm_cp.5_1                             0x000023fc   Number         4  main.o(.text.tBrain)
    [Anonymous Symbol]                       0x00002400   Section        0  main.o(.text.tGreenLEDMove)
    __arm_cp.9_0                             0x00002540   Number         4  main.o(.text.tGreenLEDMove)
    __arm_cp.9_3                             0x00002544   Number         4  main.o(.text.tGreenLEDMove)
    __arm_cp.9_4                             0x00002548   Number         4  main.o(.text.tGreenLEDMove)
    __arm_cp.9_5                             0x0000254c   Number         4  main.o(.text.tGreenLEDMove)
    [Anonymous Symbol]                       0x00002550   Section        0  main.o(.text.tGreenLEDStop)
    [Anonymous Symbol]                       0x00002578   Section        0  main.o(.text.tMotorControl)
    [Anonymous Symbol]                       0x000025e8   Section        0  main.o(.text.tRedLEDMove)
    __arm_cp.7_1                             0x00002624   Number         4  main.o(.text.tRedLEDMove)
    [Anonymous Symbol]                       0x00002628   Section        0  main.o(.text.tRedLEDStop)
    __arm_cp.8_0                             0x00002664   Number         4  main.o(.text.tRedLEDStop)
    __arm_cp.8_1                             0x00002668   Number         4  main.o(.text.tRedLEDStop)
    [Anonymous Symbol]                       0x0000266c   Section        0  main.o(.text.tSelfDrive)
    __arm_cp.16_0                            0x00002744   Number         4  main.o(.text.tSelfDrive)
    __arm_cp.16_1                            0x00002748   Number         4  main.o(.text.tSelfDrive)
    __arm_cp.16_2                            0x0000274c   Number         4  main.o(.text.tSelfDrive)
    __arm_cp.16_3                            0x00002750   Number         4  main.o(.text.tSelfDrive)
    __arm_cp.16_4                            0x00002754   Number         4  main.o(.text.tSelfDrive)
    i.__scatterload_copy                     0x00002758   Section       14  handlers.o(i.__scatterload_copy)
    i.__scatterload_null                     0x00002766   Section        2  handlers.o(i.__scatterload_null)
    i.__scatterload_zeroinit                 0x00002768   Section       14  handlers.o(i.__scatterload_zeroinit)
    __tagsym$$used.0                         0x00002778   Number         0  rtx_lib.o(.rodata)
    __tagsym$$used.1                         0x000027e0   Number         0  rtx_lib.o(.rodata)
    [Anonymous Symbol]                       0x00002818   Section        0  main.o(.rodata..L__const.tAudioChallenge.melody)
    [Anonymous Symbol]                       0x00002aa0   Section        0  main.o(.rodata..L__const.tAudioChallenge.melodyBeat)
    [Anonymous Symbol]                       0x00002d28   Section        0  main.o(.rodata..L__const.tAudioChallengeEnd.melody)
    os_idle_thread_attr                      0x00002dac   Data          36  rtx_lib.o(.rodata.os_idle_thread_attr)
    [Anonymous Symbol]                       0x00002dac   Section        0  rtx_lib.o(.rodata.os_idle_thread_attr)
    os_timer_mq_attr                         0x00002dd0   Data          24  rtx_lib.o(.rodata.os_timer_mq_attr)
    [Anonymous Symbol]                       0x00002dd0   Section        0  rtx_lib.o(.rodata.os_timer_mq_attr)
    os_timer_thread_attr                     0x00002de8   Data          36  rtx_lib.o(.rodata.os_timer_thread_attr)
    [Anonymous Symbol]                       0x00002de8   Section        0  rtx_lib.o(.rodata.os_timer_thread_attr)
    .L.str                                   0x00002e0c   Data          11  rtx_kernel.o(.rodata.str1.4)
    [Anonymous Symbol]                       0x00002e0c   Section        0  rtx_kernel.o(.rodata.str1.4)
    [Anonymous Symbol]                       0x1ffff0b0   Section        0  main.o(.bss..L_MergedGlobals)
    PendST                                   0x1ffff0fc   Data           1  os_systick.o(.bss.PendST)
    [Anonymous Symbol]                       0x1ffff0fc   Section        0  os_systick.o(.bss.PendST)
    os_isr_queue                             0x1ffff108   Data          64  rtx_lib.o(.bss.os)
    [Anonymous Symbol]                       0x1ffff108   Section        0  rtx_lib.o(.bss.os)
    os_mem                                   0x1ffff148   Data        4096  rtx_lib.o(.bss.os)
    os_timer_mq_cb                           0x20000148   Data          52  rtx_lib.o(.bss.os.msgqueue.cb)
    [Anonymous Symbol]                       0x20000148   Section        0  rtx_lib.o(.bss.os.msgqueue.cb)
    os_timer_mq_data                         0x2000017c   Data          80  rtx_lib.o(.bss.os.msgqueue.mem)
    [Anonymous Symbol]                       0x2000017c   Section        0  rtx_lib.o(.bss.os.msgqueue.mem)
    os_idle_thread_cb                        0x200001cc   Data          68  rtx_lib.o(.bss.os.thread.cb)
    [Anonymous Symbol]                       0x200001cc   Section        0  rtx_lib.o(.bss.os.thread.cb)
    os_timer_thread_cb                       0x20000210   Data          68  rtx_lib.o(.bss.os.thread.cb)
    os_idle_thread_stack                     0x20000258   Data         256  rtx_lib.o(.bss.os.thread.stack)
    [Anonymous Symbol]                       0x20000258   Section        0  rtx_lib.o(.bss.os.thread.stack)
    os_timer_thread_stack                    0x20000358   Data         256  rtx_lib.o(.bss.os.thread.stack)
    STACK                                    0x20000458   Section      256  startup_mkl25z4.o(STACK)

    Global Symbols

    Symbol Name                              Value     Ov Type        Size  Object(Section)

    BuildAttributes$$THM_ISAv3M$S$PE$A:L22$X:L11$S22$IEEE1$IW$~IW$USESV6$~STKCKD$USESV7$~SHL$OSPACE$EBA8$MICROLIB$REQ8$PRES8$EABIv2 0x00000000   Number         0  anon$$obj.o ABSOLUTE
    __Vectors                                0x00000000   Data           4  startup_mkl25z4.o(RESET)
    .bss.os.evflags.cb$$Base                  - Undefined Weak Reference
    .bss.os.evflags.cb$$Limit                 - Undefined Weak Reference
    .bss.os.mempool.cb$$Base                  - Undefined Weak Reference
    .bss.os.mempool.cb$$Limit                 - Undefined Weak Reference
    .bss.os.mutex.cb$$Base                    - Undefined Weak Reference
    .bss.os.mutex.cb$$Limit                   - Undefined Weak Reference
    .bss.os.semaphore.cb$$Base                - Undefined Weak Reference
    .bss.os.semaphore.cb$$Limit               - Undefined Weak Reference
    .bss.os.timer.cb$$Base                    - Undefined Weak Reference
    .bss.os.timer.cb$$Limit                   - Undefined Weak Reference
    __cpp_initialize__aeabi_                  - Undefined Weak Reference
    __cxa_finalize                            - Undefined Weak Reference
    __decompress                              - Undefined Weak Reference
    _clock_init                               - Undefined Weak Reference
    _microlib_exit                            - Undefined Weak Reference
    __Vectors_End                            0x000000c0   Data           0  startup_mkl25z4.o(RESET)
    __Vectors_Size                           0x000000c0   Number         0  startup_mkl25z4.o ABSOLUTE
    __main                                   0x000000c1   Thumb Code     0  entry.o(.ARM.Collect$$$$00000000)
    _main_stk                                0x000000c1   Thumb Code     0  entry2.o(.ARM.Collect$$$$00000001)
    _main_scatterload                        0x000000c5   Thumb Code     0  entry5.o(.ARM.Collect$$$$00000004)
    __main_after_scatterload                 0x000000c9   Thumb Code     0  entry5.o(.ARM.Collect$$$$00000004)
    _main_clock                              0x000000c9   Thumb Code     0  entry7b.o(.ARM.Collect$$$$00000008)
    _main_cpp_init                           0x000000c9   Thumb Code     0  entry8b.o(.ARM.Collect$$$$0000000A)
    _main_init                               0x000000c9   Thumb Code     0  entry9a.o(.ARM.Collect$$$$0000000B)
    __rt_final_cpp                           0x000000d1   Thumb Code     0  entry10a.o(.ARM.Collect$$$$0000000D)
    __rt_final_exit                          0x000000d1   Thumb Code     0  entry11a.o(.ARM.Collect$$$$0000000F)
    Reset_Handler                            0x000000d5   Thumb Code    12  startup_mkl25z4.o(.text)
    NMI_Handler                              0x000000e1   Thumb Code     2  startup_mkl25z4.o(.text)
    HardFault_Handler                        0x000000e3   Thumb Code     2  startup_mkl25z4.o(.text)
    ADC0_IRQHandler                          0x000000eb   Thumb Code     0  startup_mkl25z4.o(.text)
    CMP0_IRQHandler                          0x000000eb   Thumb Code     0  startup_mkl25z4.o(.text)
    DAC0_IRQHandler                          0x000000eb   Thumb Code     0  startup_mkl25z4.o(.text)
    DMA0_IRQHandler                          0x000000eb   Thumb Code     0  startup_mkl25z4.o(.text)
    DMA1_IRQHandler                          0x000000eb   Thumb Code     0  startup_mkl25z4.o(.text)
    DMA2_IRQHandler                          0x000000eb   Thumb Code     0  startup_mkl25z4.o(.text)
    DMA3_IRQHandler                          0x000000eb   Thumb Code     0  startup_mkl25z4.o(.text)
    DefaultISR                               0x000000eb   Thumb Code     0  startup_mkl25z4.o(.text)
    FTFA_IRQHandler                          0x000000eb   Thumb Code     0  startup_mkl25z4.o(.text)
    I2C0_IRQHandler                          0x000000eb   Thumb Code     0  startup_mkl25z4.o(.text)
    I2C1_IRQHandler                          0x000000eb   Thumb Code     0  startup_mkl25z4.o(.text)
    LLWU_IRQHandler                          0x000000eb   Thumb Code     0  startup_mkl25z4.o(.text)
    LPTMR0_IRQHandler                        0x000000eb   Thumb Code     0  startup_mkl25z4.o(.text)
    LVD_LVW_IRQHandler                       0x000000eb   Thumb Code     0  startup_mkl25z4.o(.text)
    MCG_IRQHandler                           0x000000eb   Thumb Code     0  startup_mkl25z4.o(.text)
    PIT_IRQHandler                           0x000000eb   Thumb Code     0  startup_mkl25z4.o(.text)
    PORTD_IRQHandler                         0x000000eb   Thumb Code     0  startup_mkl25z4.o(.text)
    RTC_IRQHandler                           0x000000eb   Thumb Code     0  startup_mkl25z4.o(.text)
    RTC_Seconds_IRQHandler                   0x000000eb   Thumb Code     0  startup_mkl25z4.o(.text)
    Reserved20_IRQHandler                    0x000000eb   Thumb Code     0  startup_mkl25z4.o(.text)
    Reserved39_IRQHandler                    0x000000eb   Thumb Code     0  startup_mkl25z4.o(.text)
    Reserved45_IRQHandler                    0x000000eb   Thumb Code     0  startup_mkl25z4.o(.text)
    SPI0_IRQHandler                          0x000000eb   Thumb Code     0  startup_mkl25z4.o(.text)
    SPI1_IRQHandler                          0x000000eb   Thumb Code     0  startup_mkl25z4.o(.text)
    TPM0_IRQHandler                          0x000000eb   Thumb Code     0  startup_mkl25z4.o(.text)
    TPM1_IRQHandler                          0x000000eb   Thumb Code     0  startup_mkl25z4.o(.text)
    TPM2_IRQHandler                          0x000000eb   Thumb Code     0  startup_mkl25z4.o(.text)
    TSI0_IRQHandler                          0x000000eb   Thumb Code     0  startup_mkl25z4.o(.text)
    UART0_IRQHandler                         0x000000eb   Thumb Code     0  startup_mkl25z4.o(.text)
    UART1_IRQHandler                         0x000000eb   Thumb Code     0  startup_mkl25z4.o(.text)
    USB0_IRQHandler                          0x000000eb   Thumb Code     0  startup_mkl25z4.o(.text)
    SVC_Handler                              0x000000fd   Thumb Code   132  irq_cm0.o(.text)
    PendSV_Handler                           0x00000181   Thumb Code    12  irq_cm0.o(.text)
    SysTick_Handler                          0x0000018d   Thumb Code    12  irq_cm0.o(.text)
    __aeabi_uidiv                            0x000001a1   Thumb Code     0  uidiv.o(.text)
    __aeabi_uidivmod                         0x000001a1   Thumb Code    44  uidiv.o(.text)
    __aeabi_idiv                             0x000001cd   Thumb Code     0  idiv.o(.text)
    __aeabi_idivmod                          0x000001cd   Thumb Code    40  idiv.o(.text)
    __aeabi_memcpy                           0x000001f5   Thumb Code    36  memcpya.o(.text)
    __aeabi_memcpy4                          0x000001f5   Thumb Code     0  memcpya.o(.text)
    __aeabi_memcpy8                          0x000001f5   Thumb Code     0  memcpya.o(.text)
    __aeabi_memset                           0x00000219   Thumb Code    14  memseta.o(.text)
    __aeabi_memset4                          0x00000219   Thumb Code     0  memseta.o(.text)
    __aeabi_memset8                          0x00000219   Thumb Code     0  memseta.o(.text)
    __aeabi_memclr                           0x00000227   Thumb Code     4  memseta.o(.text)
    __aeabi_memclr4                          0x00000227   Thumb Code     0  memseta.o(.text)
    __aeabi_memclr8                          0x00000227   Thumb Code     0  memseta.o(.text)
    _memset$wrapper                          0x0000022b   Thumb Code    18  memseta.o(.text)
    __scatterload                            0x0000023d   Thumb Code    28  init.o(.text)
    __scatterload_rt2                        0x0000023d   Thumb Code     0  init.o(.text)
    OS_Tick_AcknowledgeIRQ                   0x0000037d   Thumb Code     8  os_systick.o(.text.OS_Tick_AcknowledgeIRQ)
    OS_Tick_Enable                           0x00000385   Thumb Code    36  os_systick.o(.text.OS_Tick_Enable)
    OS_Tick_GetClock                         0x000003a9   Thumb Code     8  os_systick.o(.text.OS_Tick_GetClock)
    OS_Tick_GetCount                         0x000003b1   Thumb Code    12  os_systick.o(.text.OS_Tick_GetCount)
    OS_Tick_GetIRQn                          0x000003bd   Thumb Code     6  os_systick.o(.text.OS_Tick_GetIRQn)
    OS_Tick_GetInterval                      0x000003c5   Thumb Code    12  os_systick.o(.text.OS_Tick_GetInterval)
    OS_Tick_GetOverflow                      0x000003d1   Thumb Code    12  os_systick.o(.text.OS_Tick_GetOverflow)
    SystemInit                               0x000003dd   Thumb Code    12  system_mkl25z4.o(.text.SystemInit)
    initSemaphores                           0x000003e9   Thumb Code    24  main.o(.text.initSemaphores)
    OS_Tick_Setup                            0x00000411   Thumb Code    72  os_systick.o(.text.OS_Tick_Setup)
    PORTA_IRQHandler                         0x00000459   Thumb Code    92  main.o(.text.PORTA_IRQHandler)
    SystemCoreClockUpdate                    0x000004d9   Thumb Code   268  system_mkl25z4.o(.text.SystemCoreClockUpdate)
    UART2_IRQHandler                         0x00000681   Thumb Code    36  main.o(.text.UART2_IRQHandler)
    initAudioPWM                             0x000006a5   Thumb Code   112  audio.o(.text.initAudioPWM)
    initEventFlags                           0x00000715   Thumb Code    44  main.o(.text.initEventFlags)
    initLED                                  0x00000741   Thumb Code   192  led.o(.text.initLED)
    initMessageQueues                        0x00000801   Thumb Code    52  main.o(.text.initMessageQueues)
    initMotorPWM                             0x00000835   Thumb Code   228  motorcontrol.o(.text.initMotorPWM)
    initUART2                                0x00000919   Thumb Code   144  uart.o(.text.initUART2)
    initUS                                   0x000009a9   Thumb Code   136  ultrasonic.o(.text.initUS)
    main                                     0x00000a31   Thumb Code   188  main.o(.text.main)
    moveBackward                             0x00000aed   Thumb Code    24  motorcontrol.o(.text.moveBackward)
    moveCircle                               0x00000b05   Thumb Code    24  motorcontrol.o(.text.moveCircle)
    moveFalse                                0x00000b1d   Thumb Code    16  motorcontrol.o(.text.moveFalse)
    moveForward                              0x00000b2d   Thumb Code    24  motorcontrol.o(.text.moveForward)
    moveLeft                                 0x00000b45   Thumb Code    20  motorcontrol.o(.text.moveLeft)
    moveLeftBackward                         0x00000b59   Thumb Code    20  motorcontrol.o(.text.moveLeftBackward)
    moveLeftForward                          0x00000b6d   Thumb Code    20  motorcontrol.o(.text.moveLeftForward)
    moveRight                                0x00000b81   Thumb Code    20  motorcontrol.o(.text.moveRight)
    moveRightBackward                        0x00000b95   Thumb Code    20  motorcontrol.o(.text.moveRightBackward)
    moveRightForward                         0x00000ba9   Thumb Code    36  motorcontrol.o(.text.moveRightForward)
    off_green_strip                          0x00000bcd   Thumb Code    76  led.o(.text.off_green_strip)
    on_green_strip                           0x00000c19   Thumb Code    80  led.o(.text.on_green_strip)
    osDelay                                  0x00000c69   Thumb Code    40  rtx_delay.o(.text.osDelay)
    osEventFlagsClear                        0x00000c91   Thumb Code    36  rtx_evflags.o(.text.osEventFlagsClear)
    osEventFlagsNew                          0x00000cb5   Thumb Code    36  rtx_evflags.o(.text.osEventFlagsNew)
    osEventFlagsSet                          0x00000cd9   Thumb Code    80  rtx_evflags.o(.text.osEventFlagsSet)
    osEventFlagsWait                         0x00000d29   Thumb Code    68  rtx_evflags.o(.text.osEventFlagsWait)
    osKernelGetSysTimerCount                 0x00000d6d   Thumb Code    36  rtx_kernel.o(.text.osKernelGetSysTimerCount)
    osKernelGetSysTimerFreq                  0x00000d91   Thumb Code    36  rtx_kernel.o(.text.osKernelGetSysTimerFreq)
    osKernelInitialize                       0x00000db5   Thumb Code    40  rtx_kernel.o(.text.osKernelInitialize)
    osKernelStart                            0x00000ddd   Thumb Code    36  rtx_kernel.o(.text.osKernelStart)
    osMessageQueueGet                        0x00000e01   Thumb Code   116  rtx_msgqueue.o(.text.osMessageQueueGet)
    osMessageQueueNew                        0x00000e75   Thumb Code    36  rtx_msgqueue.o(.text.osMessageQueueNew)
    osMessageQueuePut                        0x00000e99   Thumb Code   120  rtx_msgqueue.o(.text.osMessageQueuePut)
    osRtxErrorNotify                         0x00000f11   Thumb Code     2  rtx_config.o(.text.osRtxErrorNotify)
    osRtxIdleThread                          0x00000f47   Thumb Code     2  rtx_config.o(.text.osRtxIdleThread)
    osRtxKernelPreInit                       0x00000f49   Thumb Code     2  rtx_kernel.o(.text.osRtxKernelPreInit)
    osRtxMemoryAlloc                         0x00000f4b   Thumb Code   124  rtx_memory.o(.text.osRtxMemoryAlloc)
    osRtxMemoryFree                          0x00000fc7   Thumb Code    78  rtx_memory.o(.text.osRtxMemoryFree)
    osRtxMemoryInit                          0x00001015   Thumb Code    50  rtx_memory.o(.text.osRtxMemoryInit)
    osRtxMemoryPoolAlloc                     0x00001047   Thumb Code    46  rtx_mempool.o(.text.osRtxMemoryPoolAlloc)
    osRtxMemoryPoolFree                      0x00001075   Thumb Code    58  rtx_mempool.o(.text.osRtxMemoryPoolFree)
    osRtxMemoryPoolInit                      0x000010af   Thumb Code    62  rtx_mempool.o(.text.osRtxMemoryPoolInit)
    osRtxMutexOwnerRelease                   0x000011a9   Thumb Code    68  rtx_mutex.o(.text.osRtxMutexOwnerRelease)
    osRtxPendSV_Handler                      0x000011ed   Thumb Code   124  rtx_system.o(.text.osRtxPendSV_Handler)
    osRtxPostProcess                         0x00001269   Thumb Code   104  rtx_system.o(.text.osRtxPostProcess)
    osRtxThreadDelayTick                     0x000013e5   Thumb Code    52  rtx_thread.o(.text.osRtxThreadDelayTick)
    osRtxThreadDispatch                      0x00001419   Thumb Code    76  rtx_thread.o(.text.osRtxThreadDispatch)
    osRtxThreadListGet                       0x000014b5   Thumb Code    20  rtx_thread.o(.text.osRtxThreadListGet)
    osRtxThreadListPut                       0x000014c9   Thumb Code    44  rtx_thread.o(.text.osRtxThreadListPut)
    osRtxThreadListRemove                    0x000014f5   Thumb Code    24  rtx_thread.o(.text.osRtxThreadListRemove)
    osRtxThreadListSort                      0x0000150d   Thumb Code    38  rtx_thread.o(.text.osRtxThreadListSort)
    osRtxThreadReadyPut                      0x00001559   Thumb Code    20  rtx_thread.o(.text.osRtxThreadReadyPut)
    osRtxThreadRegPtr                        0x0000156d   Thumb Code     6  rtx_thread.o(.text.osRtxThreadRegPtr)
    osRtxThreadStackCheck                    0x00001575   Thumb Code    44  rtx_thread.o(.text.osRtxThreadStackCheck)
    osRtxThreadStartup                       0x000015a1   Thumb Code    56  rtx_thread.o(.text.osRtxThreadStartup)
    osRtxThreadSwitch                        0x000015d9   Thumb Code    16  rtx_thread.o(.text.osRtxThreadSwitch)
    osRtxThreadWaitEnter                     0x000015e9   Thumb Code    60  rtx_thread.o(.text.osRtxThreadWaitEnter)
    osRtxThreadWaitExit                      0x00001625   Thumb Code    34  rtx_thread.o(.text.osRtxThreadWaitExit)
    osRtxTick_Handler                        0x00001649   Thumb Code   116  rtx_system.o(.text.osRtxTick_Handler)
    osRtxTimerThread                         0x000016bd   Thumb Code    60  rtx_timer.o(.text.osRtxTimerThread)
    osSemaphoreNew                           0x00001759   Thumb Code    36  rtx_semaphore.o(.text.osSemaphoreNew)
    osThreadExit                             0x0000177d   Thumb Code    12  rtx_thread.o(.text.osThreadExit)
    osThreadNew                              0x00001789   Thumb Code    36  rtx_thread.o(.text.osThreadNew)
    osThreadSetPriority                      0x000017ad   Thumb Code    40  rtx_thread.o(.text.osThreadSetPriority)
    selfDriveLeft                            0x000017d5   Thumb Code    52  main.o(.text.selfDriveLeft)
    selfDriveRight                           0x00001809   Thumb Code    52  main.o(.text.selfDriveRight)
    tAudioChallenge                          0x00002275   Thumb Code   120  main.o(.text.tAudioChallenge)
    tAudioChallengeEnd                       0x000022ed   Thumb Code    88  main.o(.text.tAudioChallengeEnd)
    tBrain                                   0x00002345   Thumb Code   188  main.o(.text.tBrain)
    tGreenLEDMove                            0x00002401   Thumb Code   336  main.o(.text.tGreenLEDMove)
    tGreenLEDStop                            0x00002551   Thumb Code    40  main.o(.text.tGreenLEDStop)
    tMotorControl                            0x00002579   Thumb Code   112  main.o(.text.tMotorControl)
    tRedLEDMove                              0x000025e9   Thumb Code    64  main.o(.text.tRedLEDMove)
    tRedLEDStop                              0x00002629   Thumb Code    68  main.o(.text.tRedLEDStop)
    tSelfDrive                               0x0000266d   Thumb Code   236  main.o(.text.tSelfDrive)
    __scatterload_copy                       0x00002759   Thumb Code    14  handlers.o(i.__scatterload_copy)
    __scatterload_null                       0x00002767   Thumb Code     2  handlers.o(i.__scatterload_null)
    __scatterload_zeroinit                   0x00002769   Thumb Code    14  handlers.o(i.__scatterload_zeroinit)
    osRtxConfig                              0x00002778   Data         104  rtx_lib.o(.rodata)
    os_cb_sections                           0x000027e0   Data          56  rtx_lib.o(.rodata)
    osRtxUserSVC                             0x00002da8   Data           4  rtx_lib.o(.rodata.osRtxUserSVC)
    Region$$Table$$Base                      0x00002e18   Number         0  anon$$obj.o(Region$$Table)
    Region$$Table$$Limit                     0x00002e38   Number         0  anon$$obj.o(Region$$Table)
    SystemCoreClock                          0x1ffff000   Data           4  system_mkl25z4.o(.data.SystemCoreClock)
    osRtxInfo                                0x1ffff004   Data         164  rtx_kernel.o(.data.os)
    rx_data                                  0x1ffff0a8   Data           1  main.o(.data.rx_data)
    isEchoHigh                               0x1ffff0b0   Data           1  main.o(.bss..L_MergedGlobals)
    echoStart                                0x1ffff0b4   Data           4  main.o(.bss..L_MergedGlobals)
    echoFreq                                 0x1ffff0b8   Data           4  main.o(.bss..L_MergedGlobals)
    echoEnd                                  0x1ffff0bc   Data           4  main.o(.bss..L_MergedGlobals)
    echoPeriod                               0x1ffff0c0   Data           4  main.o(.bss..L_MergedGlobals)
    distance                                 0x1ffff0c4   Data           4  main.o(.bss..L_MergedGlobals)
    motorMsg                                 0x1ffff0c8   Data           4  main.o(.bss..L_MergedGlobals)
    greenLEDMsg                              0x1ffff0cc   Data           4  main.o(.bss..L_MergedGlobals)
    redLEDMsg                                0x1ffff0d0   Data           4  main.o(.bss..L_MergedGlobals)
    moveLED_flag                             0x1ffff0d4   Data           4  main.o(.bss..L_MergedGlobals)
    stopLED_flag                             0x1ffff0d8   Data           4  main.o(.bss..L_MergedGlobals)
    audio_start_flag                         0x1ffff0dc   Data           4  main.o(.bss..L_MergedGlobals)
    audio_end_flag                           0x1ffff0e0   Data           4  main.o(.bss..L_MergedGlobals)
    self_drive_flag                          0x1ffff0e4   Data           4  main.o(.bss..L_MergedGlobals)
    brain_Id                                 0x1ffff0e8   Data           4  main.o(.bss..L_MergedGlobals)
    motorControl_Id                          0x1ffff0ec   Data           4  main.o(.bss..L_MergedGlobals)
    audioChallege_Id                         0x1ffff0f0   Data           4  main.o(.bss..L_MergedGlobals)
    audioDone_Id                             0x1ffff0f4   Data           4  main.o(.bss..L_MergedGlobals)
    selfDrive_Id                             0x1ffff0f8   Data           4  main.o(.bss..L_MergedGlobals)
    audioSem                                 0x1ffff100   Data           4  main.o(.bss.audioSem)
    .bss.os.msgqueue.cb$$Base                0x20000148   Number         0  rtx_lib.o(.bss.os.msgqueue.cb)
    .bss.os.msgqueue.cb$$Limit               0x2000017c   Number         0  rtx_lib.o(.bss.os.msgqueue.cb)
    .bss.os.thread.cb$$Base                  0x200001cc   Number         0  rtx_lib.o(.bss.os.thread.cb)
    .bss.os.thread.cb$$Limit                 0x20000254   Number         0  rtx_lib.o(.bss.os.thread.cb)
    __initial_sp                             0x20000558   Data           0  startup_mkl25z4.o(STACK)



==============================================================================

Memory Map of the image

  Image Entry point : 0x000000d5

  Load Region LR_1 (Base: 0x00000000, Size: 0x00002ee4, Max: 0xffffffff, ABSOLUTE)

    Execution Region ER_RO (Exec base: 0x00000000, Load base: 0x00000000, Size: 0x00002e38, Max: 0xffffffff, ABSOLUTE)

    Exec Addr    Load Addr    Size         Type   Attr      Idx    E Section Name        Object

    0x00000000   0x00000000   0x000000c0   Data   RO          168    RESET               startup_mkl25z4.o
    0x000000c0   0x000000c0   0x00000000   Code   RO          736  * .ARM.Collect$$$$00000000  mc_p.l(entry.o)
    0x000000c0   0x000000c0   0x00000004   Code   RO          749    .ARM.Collect$$$$00000001  mc_p.l(entry2.o)
    0x000000c4   0x000000c4   0x00000004   Code   RO          752    .ARM.Collect$$$$00000004  mc_p.l(entry5.o)
    0x000000c8   0x000000c8   0x00000000   Code   RO          754    .ARM.Collect$$$$00000008  mc_p.l(entry7b.o)
    0x000000c8   0x000000c8   0x00000000   Code   RO          756    .ARM.Collect$$$$0000000A  mc_p.l(entry8b.o)
    0x000000c8   0x000000c8   0x00000008   Code   RO          757    .ARM.Collect$$$$0000000B  mc_p.l(entry9a.o)
    0x000000d0   0x000000d0   0x00000000   Code   RO          759    .ARM.Collect$$$$0000000D  mc_p.l(entry10a.o)
    0x000000d0   0x000000d0   0x00000000   Code   RO          761    .ARM.Collect$$$$0000000F  mc_p.l(entry11a.o)
    0x000000d0   0x000000d0   0x00000004   Code   RO          750    .ARM.Collect$$$$00002712  mc_p.l(entry2.o)
    0x000000d4   0x000000d4   0x00000028   Code   RO          170  * .text               startup_mkl25z4.o
    0x000000fc   0x000000fc   0x000000a4   Code   RO          545    .text               RTX_CM0.lib(irq_cm0.o)
    0x000001a0   0x000001a0   0x0000002c   Code   RO          739    .text               mc_p.l(uidiv.o)
    0x000001cc   0x000001cc   0x00000028   Code   RO          741    .text               mc_p.l(idiv.o)
    0x000001f4   0x000001f4   0x00000024   Code   RO          743    .text               mc_p.l(memcpya.o)
    0x00000218   0x00000218   0x00000024   Code   RO          745    .text               mc_p.l(memseta.o)
    0x0000023c   0x0000023c   0x00000024   Code   RO          763    .text               mc_p.l(init.o)
    0x00000260   0x00000260   0x0000004e   Code   RO          430    .text.EventFlagsCheck  RTX_CM0.lib(rtx_evflags.o)
    0x000002ae   0x000002ae   0x0000004c   Code   RO          528    .text.MessageQueueGet  RTX_CM0.lib(rtx_msgqueue.o)
    0x000002fa   0x000002fa   0x00000062   Code   RO          522    .text.MessageQueuePut  RTX_CM0.lib(rtx_msgqueue.o)
    0x0000035c   0x0000035c   0x0000001e   Code   RO          520    .text.MessageQueueRemove  RTX_CM0.lib(rtx_msgqueue.o)
    0x0000037a   0x0000037a   0x00000002   PAD
    0x0000037c   0x0000037c   0x00000008   Code   RO          715    .text.OS_Tick_AcknowledgeIRQ  RTX_CM0.lib(os_systick.o)
    0x00000384   0x00000384   0x00000024   Code   RO          711    .text.OS_Tick_Enable  RTX_CM0.lib(os_systick.o)
    0x000003a8   0x000003a8   0x00000008   Code   RO          719    .text.OS_Tick_GetClock  RTX_CM0.lib(os_systick.o)
    0x000003b0   0x000003b0   0x0000000c   Code   RO          723    .text.OS_Tick_GetCount  RTX_CM0.lib(os_systick.o)
    0x000003bc   0x000003bc   0x00000006   Code   RO          717    .text.OS_Tick_GetIRQn  RTX_CM0.lib(os_systick.o)
    0x000003c2   0x000003c2   0x00000002   PAD
    0x000003c4   0x000003c4   0x0000000c   Code   RO          721    .text.OS_Tick_GetInterval  RTX_CM0.lib(os_systick.o)
    0x000003d0   0x000003d0   0x0000000c   Code   RO          725    .text.OS_Tick_GetOverflow  RTX_CM0.lib(os_systick.o)
    0x000003dc   0x000003dc   0x0000000c   Code   RO          179    .text.SystemInit    system_mkl25z4.o
    0x000003e8   0x000003e8   0x00000018   Code   RO           10    .text.initSemaphores  main.o
    0x00000400   0x00000400   0x00000010   Code   RO          169    .ARM.__at_0x400     startup_mkl25z4.o
    0x00000410   0x00000410   0x00000048   Code   RO          709    .text.OS_Tick_Setup  RTX_CM0.lib(os_systick.o)
    0x00000458   0x00000458   0x0000005c   Code   RO            4    .text.PORTA_IRQHandler  main.o
    0x000004b4   0x000004b4   0x00000024   Code   RO          467    .text.SemaphoreTokenDecrement  RTX_CM0.lib(rtx_semaphore.o)
    0x000004d8   0x000004d8   0x0000010c   Code   RO          181    .text.SystemCoreClockUpdate  system_mkl25z4.o
    0x000005e4   0x000005e4   0x0000004e   Code   RO          338    .text.ThreadFlagsCheck  RTX_CM0.lib(rtx_thread.o)
    0x00000632   0x00000632   0x00000002   PAD
    0x00000634   0x00000634   0x0000004c   Code   RO          566    .text.TimerInsert   RTX_CM0.lib(rtx_timer.o)
    0x00000680   0x00000680   0x00000024   Code   RO            2    .text.UART2_IRQHandler  main.o
    0x000006a4   0x000006a4   0x00000070   Code   RO          109    .text.initAudioPWM  audio.o
    0x00000714   0x00000714   0x0000002c   Code   RO            8    .text.initEventFlags  main.o
    0x00000740   0x00000740   0x000000c0   Code   RO           94    .text.initLED       led.o
    0x00000800   0x00000800   0x00000034   Code   RO            6    .text.initMessageQueues  main.o
    0x00000834   0x00000834   0x000000e4   Code   RO           78    .text.initMotorPWM  motorcontrol.o
    0x00000918   0x00000918   0x00000090   Code   RO          127    .text.initUART2     uart.o
    0x000009a8   0x000009a8   0x00000088   Code   RO          118    .text.initUS        ultrasonic.o
    0x00000a30   0x00000a30   0x000000bc   Code   RO           36    .text.main          main.o
    0x00000aec   0x00000aec   0x00000018   Code   RO           60    .text.moveBackward  motorcontrol.o
    0x00000b04   0x00000b04   0x00000018   Code   RO           76    .text.moveCircle    motorcontrol.o
    0x00000b1c   0x00000b1c   0x00000010   Code   RO           74    .text.moveFalse     motorcontrol.o
    0x00000b2c   0x00000b2c   0x00000018   Code   RO           58    .text.moveForward   motorcontrol.o
    0x00000b44   0x00000b44   0x00000014   Code   RO           62    .text.moveLeft      motorcontrol.o
    0x00000b58   0x00000b58   0x00000014   Code   RO           70    .text.moveLeftBackward  motorcontrol.o
    0x00000b6c   0x00000b6c   0x00000014   Code   RO           66    .text.moveLeftForward  motorcontrol.o
    0x00000b80   0x00000b80   0x00000014   Code   RO           64    .text.moveRight     motorcontrol.o
    0x00000b94   0x00000b94   0x00000014   Code   RO           72    .text.moveRightBackward  motorcontrol.o
    0x00000ba8   0x00000ba8   0x00000024   Code   RO           68    .text.moveRightForward  motorcontrol.o
    0x00000bcc   0x00000bcc   0x0000004c   Code   RO           96    .text.off_green_strip  led.o
    0x00000c18   0x00000c18   0x00000050   Code   RO           98    .text.on_green_strip  led.o
    0x00000c68   0x00000c68   0x00000028   Code   RO          391    .text.osDelay       RTX_CM0.lib(rtx_delay.o)
    0x00000c90   0x00000c90   0x00000024   Code   RO          414    .text.osEventFlagsClear  RTX_CM0.lib(rtx_evflags.o)
    0x00000cb4   0x00000cb4   0x00000024   Code   RO          408    .text.osEventFlagsNew  RTX_CM0.lib(rtx_evflags.o)
    0x00000cd8   0x00000cd8   0x00000050   Code   RO          412    .text.osEventFlagsSet  RTX_CM0.lib(rtx_evflags.o)
    0x00000d28   0x00000d28   0x00000044   Code   RO          422    .text.osEventFlagsWait  RTX_CM0.lib(rtx_evflags.o)
    0x00000d6c   0x00000d6c   0x00000024   Code   RO          225    .text.osKernelGetSysTimerCount  RTX_CM0.lib(rtx_kernel.o)
    0x00000d90   0x00000d90   0x00000024   Code   RO          229    .text.osKernelGetSysTimerFreq  RTX_CM0.lib(rtx_kernel.o)
    0x00000db4   0x00000db4   0x00000028   Code   RO          195    .text.osKernelInitialize  RTX_CM0.lib(rtx_kernel.o)
    0x00000ddc   0x00000ddc   0x00000024   Code   RO          205    .text.osKernelStart  RTX_CM0.lib(rtx_kernel.o)
    0x00000e00   0x00000e00   0x00000074   Code   RO          494    .text.osMessageQueueGet  RTX_CM0.lib(rtx_msgqueue.o)
    0x00000e74   0x00000e74   0x00000024   Code   RO          488    .text.osMessageQueueNew  RTX_CM0.lib(rtx_msgqueue.o)
    0x00000e98   0x00000e98   0x00000078   Code   RO          492    .text.osMessageQueuePut  RTX_CM0.lib(rtx_msgqueue.o)
    0x00000f10   0x00000f10   0x00000002   Code   RO          156    .text.osRtxErrorNotify  rtx_config.o
    0x00000f12   0x00000f12   0x00000034   Code   RO          428    .text.osRtxEventFlagsPostProcess  RTX_CM0.lib(rtx_evflags.o)
    0x00000f46   0x00000f46   0x00000002   Code   RO          154    .text.osRtxIdleThread  rtx_config.o
    0x00000f48   0x00000f48   0x00000002   Code   RO          193    .text.osRtxKernelPreInit  RTX_CM0.lib(rtx_kernel.o)
    0x00000f4a   0x00000f4a   0x0000007c   Code   RO          628    .text.osRtxMemoryAlloc  RTX_CM0.lib(rtx_memory.o)
    0x00000fc6   0x00000fc6   0x0000004e   Code   RO          630    .text.osRtxMemoryFree  RTX_CM0.lib(rtx_memory.o)
    0x00001014   0x00001014   0x00000032   Code   RO          626    .text.osRtxMemoryInit  RTX_CM0.lib(rtx_memory.o)
    0x00001046   0x00001046   0x0000002e   Code   RO          643    .text.osRtxMemoryPoolAlloc  RTX_CM0.lib(rtx_mempool.o)
    0x00001074   0x00001074   0x0000003a   Code   RO          645    .text.osRtxMemoryPoolFree  RTX_CM0.lib(rtx_mempool.o)
    0x000010ae   0x000010ae   0x0000003e   Code   RO          641    .text.osRtxMemoryPoolInit  RTX_CM0.lib(rtx_mempool.o)
    0x000010ec   0x000010ec   0x000000bc   Code   RO          518    .text.osRtxMessageQueuePostProcess  RTX_CM0.lib(rtx_msgqueue.o)
    0x000011a8   0x000011a8   0x00000044   Code   RO          591    .text.osRtxMutexOwnerRelease  RTX_CM0.lib(rtx_mutex.o)
    0x000011ec   0x000011ec   0x0000007c   Code   RO          696    .text.osRtxPendSV_Handler  RTX_CM0.lib(rtx_system.o)
    0x00001268   0x00001268   0x00000068   Code   RO          698    .text.osRtxPostProcess  RTX_CM0.lib(rtx_system.o)
    0x000012d0   0x000012d0   0x00000024   Code   RO          465    .text.osRtxSemaphorePostProcess  RTX_CM0.lib(rtx_semaphore.o)
    0x000012f4   0x000012f4   0x00000034   Code   RO          278    .text.osRtxThreadBlock  RTX_CM0.lib(rtx_thread.o)
    0x00001328   0x00001328   0x0000007c   Code   RO          286    .text.osRtxThreadDelayInsert  RTX_CM0.lib(rtx_thread.o)
    0x000013a4   0x000013a4   0x00000040   Code   RO          282    .text.osRtxThreadDelayRemove  RTX_CM0.lib(rtx_thread.o)
    0x000013e4   0x000013e4   0x00000034   Code   RO          268    .text.osRtxThreadDelayTick  RTX_CM0.lib(rtx_thread.o)
    0x00001418   0x00001418   0x0000004c   Code   RO          276    .text.osRtxThreadDispatch  RTX_CM0.lib(rtx_thread.o)
    0x00001464   0x00001464   0x00000050   Code   RO          362    .text.osRtxThreadFree  RTX_CM0.lib(rtx_thread.o)
    0x000014b4   0x000014b4   0x00000014   Code   RO          260    .text.osRtxThreadListGet  RTX_CM0.lib(rtx_thread.o)
    0x000014c8   0x000014c8   0x0000002c   Code   RO          258    .text.osRtxThreadListPut  RTX_CM0.lib(rtx_thread.o)
    0x000014f4   0x000014f4   0x00000018   Code   RO          264    .text.osRtxThreadListRemove  RTX_CM0.lib(rtx_thread.o)
    0x0000150c   0x0000150c   0x00000026   Code   RO          262    .text.osRtxThreadListSort  RTX_CM0.lib(rtx_thread.o)
    0x00001532   0x00001532   0x00000026   Code   RO          336    .text.osRtxThreadPostProcess  RTX_CM0.lib(rtx_thread.o)
    0x00001558   0x00001558   0x00000014   Code   RO          266    .text.osRtxThreadReadyPut  RTX_CM0.lib(rtx_thread.o)
    0x0000156c   0x0000156c   0x00000006   Code   RO          270    .text.osRtxThreadRegPtr  RTX_CM0.lib(rtx_thread.o)
    0x00001572   0x00001572   0x00000002   PAD
    0x00001574   0x00001574   0x0000002c   Code   RO          274    .text.osRtxThreadStackCheck  RTX_CM0.lib(rtx_thread.o)
    0x000015a0   0x000015a0   0x00000038   Code   RO          288    .text.osRtxThreadStartup  RTX_CM0.lib(rtx_thread.o)
    0x000015d8   0x000015d8   0x00000010   Code   RO          272    .text.osRtxThreadSwitch  RTX_CM0.lib(rtx_thread.o)
    0x000015e8   0x000015e8   0x0000003c   Code   RO          284    .text.osRtxThreadWaitEnter  RTX_CM0.lib(rtx_thread.o)
    0x00001624   0x00001624   0x00000022   Code   RO          280    .text.osRtxThreadWaitExit  RTX_CM0.lib(rtx_thread.o)
    0x00001646   0x00001646   0x00000002   PAD
    0x00001648   0x00001648   0x00000074   Code   RO          694    .text.osRtxTick_Handler  RTX_CM0.lib(rtx_system.o)
    0x000016bc   0x000016bc   0x0000003c   Code   RO          550    .text.osRtxTimerThread  RTX_CM0.lib(rtx_timer.o)
    0x000016f8   0x000016f8   0x00000060   Code   RO          552    .text.osRtxTimerTick  RTX_CM0.lib(rtx_timer.o)
    0x00001758   0x00001758   0x00000024   Code   RO          449    .text.osSemaphoreNew  RTX_CM0.lib(rtx_semaphore.o)
    0x0000177c   0x0000177c   0x0000000c   Code   RO          320    .text.osThreadExit  RTX_CM0.lib(rtx_thread.o)
    0x00001788   0x00001788   0x00000024   Code   RO          292    .text.osThreadNew   RTX_CM0.lib(rtx_thread.o)
    0x000017ac   0x000017ac   0x00000028   Code   RO          306    .text.osThreadSetPriority  RTX_CM0.lib(rtx_thread.o)
    0x000017d4   0x000017d4   0x00000034   Code   RO           28    .text.selfDriveLeft  main.o
    0x00001808   0x00001808   0x00000034   Code   RO           30    .text.selfDriveRight  main.o
    0x0000183c   0x0000183c   0x00000012   Code   RO          395    .text.svcRtxDelay   RTX_CM0.lib(rtx_delay.o)
    0x0000184e   0x0000184e   0x00000032   Code   RO          416    .text.svcRtxEventFlagsClear  RTX_CM0.lib(rtx_evflags.o)
    0x00001880   0x00001880   0x00000074   Code   RO          426    .text.svcRtxEventFlagsNew  RTX_CM0.lib(rtx_evflags.o)
    0x000018f4   0x000018f4   0x0000007c   Code   RO          434    .text.svcRtxEventFlagsSet  RTX_CM0.lib(rtx_evflags.o)
    0x00001970   0x00001970   0x00000064   Code   RO          436    .text.svcRtxEventFlagsWait  RTX_CM0.lib(rtx_evflags.o)
    0x000019d4   0x000019d4   0x0000002c   Code   RO          227    .text.svcRtxKernelGetSysTimerCount  RTX_CM0.lib(rtx_kernel.o)
    0x00001a00   0x00001a00   0x00000008   Code   RO          231    .text.svcRtxKernelGetSysTimerFreq  RTX_CM0.lib(rtx_kernel.o)
    0x00001a08   0x00001a08   0x00000140   Code   RO          233    .text.svcRtxKernelInitialize  RTX_CM0.lib(rtx_kernel.o)
    0x00001b48   0x00001b48   0x00000084   Code   RO          235    .text.svcRtxKernelStart  RTX_CM0.lib(rtx_kernel.o)
    0x00001bcc   0x00001bcc   0x000000e8   Code   RO          530    .text.svcRtxMessageQueueGet  RTX_CM0.lib(rtx_msgqueue.o)
    0x00001cb4   0x00001cb4   0x000001e4   Code   RO          516    .text.svcRtxMessageQueueNew  RTX_CM0.lib(rtx_msgqueue.o)
    0x00001e98   0x00001e98   0x000000b8   Code   RO          526    .text.svcRtxMessageQueuePut  RTX_CM0.lib(rtx_msgqueue.o)
    0x00001f50   0x00001f50   0x00000084   Code   RO          463    .text.svcRtxSemaphoreNew  RTX_CM0.lib(rtx_semaphore.o)
    0x00001fd4   0x00001fd4   0x0000006c   Code   RO          366    .text.svcRtxThreadExit  RTX_CM0.lib(rtx_thread.o)
    0x00002040   0x00002040   0x000001ec   Code   RO          290    .text.svcRtxThreadNew  RTX_CM0.lib(rtx_thread.o)
    0x0000222c   0x0000222c   0x00000048   Code   RO          348    .text.svcRtxThreadSetPriority  RTX_CM0.lib(rtx_thread.o)
    0x00002274   0x00002274   0x00000078   Code   RO           24    .text.tAudioChallenge  main.o
    0x000022ec   0x000022ec   0x00000058   Code   RO           26    .text.tAudioChallengeEnd  main.o
    0x00002344   0x00002344   0x000000bc   Code   RO           12    .text.tBrain        main.o
    0x00002400   0x00002400   0x00000150   Code   RO           20    .text.tGreenLEDMove  main.o
    0x00002550   0x00002550   0x00000028   Code   RO           22    .text.tGreenLEDStop  main.o
    0x00002578   0x00002578   0x00000070   Code   RO           14    .text.tMotorControl  main.o
    0x000025e8   0x000025e8   0x00000040   Code   RO           16    .text.tRedLEDMove   main.o
    0x00002628   0x00002628   0x00000044   Code   RO           18    .text.tRedLEDStop   main.o
    0x0000266c   0x0000266c   0x000000ec   Code   RO           34    .text.tSelfDrive    main.o
    0x00002758   0x00002758   0x0000000e   Code   RO          767    i.__scatterload_copy  mc_p.l(handlers.o)
    0x00002766   0x00002766   0x00000002   Code   RO          768    i.__scatterload_null  mc_p.l(handlers.o)
    0x00002768   0x00002768   0x0000000e   Code   RO          769    i.__scatterload_zeroinit  mc_p.l(handlers.o)
    0x00002776   0x00002776   0x00000002   PAD
    0x00002778   0x00002778   0x000000a0   Data   RO          141    .rodata             rtx_lib.o
    0x00002818   0x00002818   0x00000288   Data   RO           41    .rodata..L__const.tAudioChallenge.melody  main.o
    0x00002aa0   0x00002aa0   0x00000288   Data   RO           42    .rodata..L__const.tAudioChallenge.melodyBeat  main.o
    0x00002d28   0x00002d28   0x00000080   Data   RO           43    .rodata..L__const.tAudioChallengeEnd.melody  main.o
    0x00002da8   0x00002da8   0x00000004   Data   RO          143    .rodata.osRtxUserSVC  rtx_lib.o
    0x00002dac   0x00002dac   0x00000024   Data   RO          138    .rodata.os_idle_thread_attr  rtx_lib.o
    0x00002dd0   0x00002dd0   0x00000018   Data   RO          140    .rodata.os_timer_mq_attr  rtx_lib.o
    0x00002de8   0x00002de8   0x00000024   Data   RO          139    .rodata.os_timer_thread_attr  rtx_lib.o
    0x00002e0c   0x00002e0c   0x0000000b   Data   RO          247    .rodata.str1.4      RTX_CM0.lib(rtx_kernel.o)
    0x00002e17   0x00002e17   0x00000001   PAD
    0x00002e18   0x00002e18   0x00000020   Data   RO          766    Region$$Table       anon$$obj.o


    Execution Region ER_RW (Exec base: 0x1ffff000, Load base: 0x00002e38, Size: 0x000000ac, Max: 0xffffffff, ABSOLUTE)

    Exec Addr    Load Addr    Size         Type   Attr      Idx    E Section Name        Object

    0x1ffff000   0x00002e38   0x00000004   Data   RW          183    .data.SystemCoreClock  system_mkl25z4.o
    0x1ffff004   0x00002e3c   0x000000a4   Data   RW          248    .data.os            RTX_CM0.lib(rtx_kernel.o)
    0x1ffff0a8   0x00002ee0   0x00000001   Data   RW           38    .data.rx_data       main.o


    Execution Region ER_ZI (Exec base: 0x1ffff0b0, Load base: 0x00002ee4, Size: 0x000014a8, Max: 0xffffffff, ABSOLUTE)

    Exec Addr    Load Addr    Size         Type   Attr      Idx    E Section Name        Object

    0x1ffff0b0        -       0x0000004c   Zero   RW           48    .bss..L_MergedGlobals  main.o
    0x1ffff0fc        -       0x00000001   Zero   RW          727    .bss.PendST         RTX_CM0.lib(os_systick.o)
    0x1ffff0fd   0x00002ee4   0x00000003   PAD
    0x1ffff100        -       0x00000004   Zero   RW           40    .bss.audioSem       main.o
    0x1ffff104   0x00002ee4   0x00000004   PAD
    0x1ffff108        -       0x00001040   Zero   RW          137    .bss.os             rtx_lib.o
    0x20000148        -       0x00000034   Zero   RW          146    .bss.os.msgqueue.cb  rtx_lib.o
    0x2000017c        -       0x00000050   Zero   RW          147    .bss.os.msgqueue.mem  rtx_lib.o
    0x200001cc        -       0x00000088   Zero   RW          144    .bss.os.thread.cb   rtx_lib.o
    0x20000254   0x00002ee4   0x00000004   PAD
    0x20000258        -       0x00000200   Zero   RW          145    .bss.os.thread.stack  rtx_lib.o
    0x20000458        -       0x00000100   Zero   RW          166    STACK               startup_mkl25z4.o


==============================================================================

Image component sizes


      Code (inc. data)   RO Data    RW Data    ZI Data      Debug   Object Name

       112          8          0          0          0       1805   audio.o
       348         28          0          0          0       2816   led.o
      1792        198       1424          1         80       7359   main.o
       452         48          0          0          0       2755   motorcontrol.o
         4          0          0          0          0        718   rtx_config.o
         0          0        260          0       4940       5475   rtx_lib.o
        56         30        192          0        256        800   startup_mkl25z4.o
       280         40          0          4          0       2466   system_mkl25z4.o
       144         16          0          0          0       3629   uart.o
       136         36          0          0          0       3398   ultrasonic.o

    ----------------------------------------------------------------------
      3324        404       1908          8       5284      31221   Object Totals
         0          0         32          0          0          0   (incl. Generated)
         0          0          0          3          8          0   (incl. Padding)

    ----------------------------------------------------------------------

      Code (inc. data)   RO Data    RW Data    ZI Data      Debug   Library Member Name

       164          8          0          0          0        496   irq_cm0.o
       166         20          0          0          1       2766   os_systick.o
        58          4          0          0          0       2753   rtx_delay.o
       740         28          0          0          0      12348   rtx_evflags.o
       654         40         11        164          0      16105   rtx_kernel.o
       252          0          0          0          0       2564   rtx_memory.o
       166          0          0          0          0      14282   rtx_mempool.o
      1564         40          0          0          0      17889   rtx_msgqueue.o
        68          0          0          0          0       9201   rtx_mutex.o
       240         12          0          0          0      10054   rtx_semaphore.o
       344         18          0          0          0       4635   rtx_system.o
      1686         60          0          0          0      30867   rtx_thread.o
       232         20          0          0          0      10018   rtx_timer.o
         0          0          0          0          0          0   entry.o
         0          0          0          0          0          0   entry10a.o
         0          0          0          0          0          0   entry11a.o
         8          4          0          0          0          0   entry2.o
         4          0          0          0          0          0   entry5.o
         0          0          0          0          0          0   entry7b.o
         0          0          0          0          0          0   entry8b.o
         8          4          0          0          0          0   entry9a.o
        30          0          0          0          0          0   handlers.o
        40          0          0          0          0         72   idiv.o
        36          8          0          0          0         68   init.o
        36          0          0          0          0         60   memcpya.o
        36          0          0          0          0        100   memseta.o
        44          0          0          0          0         72   uidiv.o

    ----------------------------------------------------------------------
      6588        266         12        164          4     134350   Library Totals
        12          0          1          0          3          0   (incl. Padding)

    ----------------------------------------------------------------------

      Code (inc. data)   RO Data    RW Data    ZI Data      Debug   Library Name

      6334        250         11        164          1     133978   RTX_CM0.lib
       242         16          0          0          0        372   mc_p.l

    ----------------------------------------------------------------------
      6588        266         12        164          4     134350   Library Totals

    ----------------------------------------------------------------------

==============================================================================


      Code (inc. data)   RO Data    RW Data    ZI Data      Debug   

      9912        670       1920        172       5288     165279   Grand Totals
      9912        670       1920        172       5288     165279   ELF Image Totals
      9912        670       1920        172          0          0   ROM Totals

==============================================================================

    Total RO  Size (Code + RO Data)                11832 (  11.55kB)
    Total RW  Size (RW Data + ZI Data)              5460 (   5.33kB)
    Total ROM Size (Code + RO Data + RW Data)      12004 (  11.72kB)

==============================================================================

